<html>
<body>
<pre>
<h1>礦ision Build Log</h1>
<h2>Tool Versions:</h2>
IDE-Version: μVision V5.28.0.0
Copyright (C) 2019 ARM Ltd and ARM Germany GmbH. All rights reserved.
License Information:  ,  , LIC=QF82M-XQ2N4-UH88H-WFLBK-JHCEK-SU8BL
 
Tool Versions:
Toolchain:       MDK-ARM Plus  Version: 5.28.0.0
Toolchain Path:  D:\Embedded\4.software\6.keil\ARM\ARMCC\Bin
C Compiler:      Armcc.exe V5.06 update 6 (build 750)
Assembler:       Armasm.exe V5.06 update 6 (build 750)
Linker/Locator:  ArmLink.exe V5.06 update 6 (build 750)
Library Manager: ArmAr.exe V5.06 update 6 (build 750)
Hex Converter:   FromElf.exe V5.06 update 6 (build 750)
CPU DLL:         SARMCM3.DLL V5.28.0.0
Dialog DLL:      DCM.DLL V1.17.3.0
Target DLL:      Segger\JL2CM3.dll V2.99.36.0
Dialog DLL:      TCM.DLL V1.36.2.0
 
<h2>Project:</h2>
C:\Users\DELL\Desktop\code\10_stm32\基于MQTT阿里云智能指纹锁\项目源码\基于MQTT阿里云智能指纹锁\USER\FreeRTOS.uvprojx
Project File Date:  01/22/2024

<h2>Output:</h2>
*** Using Compiler 'V5.06 update 6 (build 750)', folder: 'D:\Embedded\4.software\6.keil\ARM\ARMCC\Bin'
Build target 'FreeRTOS'
compiling main.c...
main.c(1093): warning:  #167-D: argument of type "uint8_t *" is incompatible with parameter of type "const char *"
  		usart_send_bytes(USART6,lcd.buf,strlen(lcd.buf));
main.c: 1 warning, 0 errors
linking...
Program Size: Code=42308 RO-data=3700 RW-data=364 ZI-data=86188  
FromELF: creating hex file...
"..\OBJ\demo.axf" - 0 Error(s), 1 Warning(s).

<h2>Software Packages used:</h2>

Package Vendor: Keil
                http://www.keil.com/pack/Keil.STM32F4xx_DFP.1.0.8.pack
                Keil.STM32F4xx_DFP.1.0.8
                STMicroelectronics STM32F4 Series Device Support, Drivers and Examples

<h2>Collection of Component include folders:</h2>
  .\RTE\_FreeRTOS
  D:\Embedded\4.software\6.keil\pack\Keil\STM32F4xx_DFP\1.0.8\Device\Include

<h2>Collection of Component Files used:</h2>
Build Time Elapsed:  00:00:03
</pre>
</body>
</html>
