Component: ARM Compiler 5.06 update 6 (build 750) Tool: armlink [4d35ed]

==============================================================================

Section Cross References

    main.o(i.app_task_at24c02) refers to event_groups.o(i.xEventGroupWaitBits) for xEventGroupWaitBits
    main.o(i.app_task_at24c02) refers to at24c02.o(i.at24c02_read) for at24c02_read
    main.o(i.app_task_at24c02) refers to keyboard.o(i.passwd_compare) for passwd_compare
    main.o(i.app_task_at24c02) refers to event_groups.o(i.xEventGroupSetBits) for xEventGroupSetBits
    main.o(i.app_task_at24c02) refers to queue.o(i.xQueueGenericSend) for xQueueGenericSend
    main.o(i.app_task_at24c02) refers to rt_memclr_w.o(.text) for __aeabi_memclr4
    main.o(i.app_task_at24c02) refers to queue.o(i.xQueueSemaphoreTake) for xQueueSemaphoreTake
    main.o(i.app_task_at24c02) refers to main.o(i.dgb_printf_safe) for dgb_printf_safe
    main.o(i.app_task_at24c02) refers to at24c02.o(i.at24c02_write) for at24c02_write
    main.o(i.app_task_at24c02) refers to tasks.o(i.vTaskDelay) for vTaskDelay
    main.o(i.app_task_at24c02) refers to main.o(.data) for .data
    main.o(i.app_task_at24c02) refers to main.o(.bss) for .bss
    main.o(i.app_task_beep) refers to queue.o(i.xQueueReceive) for xQueueReceive
    main.o(i.app_task_beep) refers to tasks.o(i.vTaskDelay) for vTaskDelay
    main.o(i.app_task_beep) refers to queue.o(i.xQueueGenericSend) for xQueueGenericSend
    main.o(i.app_task_beep) refers to main.o(.data) for .data
    main.o(i.app_task_dht) refers to _printf_percent.o(.ARM.Collect$$_printf_percent$$00000000) for _printf_percent
    main.o(i.app_task_dht) refers to _printf_d.o(.ARM.Collect$$_printf_percent$$00000009) for _printf_d
    main.o(i.app_task_dht) refers to _printf_dec.o(.text) for _printf_int_dec
    main.o(i.app_task_dht) refers to dht11.o(i.dht11_read_data) for dht11_read_data
    main.o(i.app_task_dht) refers to main.o(i.dgb_printf_safe) for dgb_printf_safe
    main.o(i.app_task_dht) refers to tasks.o(i.vTaskDelay) for vTaskDelay
    main.o(i.app_task_dht) refers to __2sprintf.o(.text) for __2sprintf
    main.o(i.app_task_dht) refers to queue.o(i.xQueueGenericSend) for xQueueGenericSend
    main.o(i.app_task_dht) refers to rt_memclr_w.o(.text) for __aeabi_memclr4
    main.o(i.app_task_dht) refers to main.o(.data) for .data
    main.o(i.app_task_flash) refers to queue.o(i.xQueueReceive) for xQueueReceive
    main.o(i.app_task_flash) refers to main.o(i.dgb_printf_safe) for dgb_printf_safe
    main.o(i.app_task_flash) refers to stm32f4xx_rtc.o(i.RTC_GetDate) for RTC_GetDate
    main.o(i.app_task_flash) refers to stm32f4xx_rtc.o(i.RTC_GetTime) for RTC_GetTime
    main.o(i.app_task_flash) refers to port.o(i.vPortEnterCritical) for vPortEnterCritical
    main.o(i.app_task_flash) refers to flash.o(i.flash_write) for flash_write
    main.o(i.app_task_flash) refers to port.o(i.vPortExitCritical) for vPortExitCritical
    main.o(i.app_task_flash) refers to main.o(.data) for .data
    main.o(i.app_task_init) refers to queue.o(i.xQueueCreateMutex) for xQueueCreateMutex
    main.o(i.app_task_init) refers to queue.o(i.xQueueCreateCountingSemaphore) for xQueueCreateCountingSemaphore
    main.o(i.app_task_init) refers to event_groups.o(i.xEventGroupCreate) for xEventGroupCreate
    main.o(i.app_task_init) refers to queue.o(i.xQueueGenericCreate) for xQueueGenericCreate
    main.o(i.app_task_init) refers to led.o(i.led_init) for led_init
    main.o(i.app_task_init) refers to beep.o(i.beep_init) for beep_init
    main.o(i.app_task_init) refers to key.o(i.key_init) for key_init
    main.o(i.app_task_init) refers to dht11.o(i.dht11_init) for dht11_init
    main.o(i.app_task_init) refers to stm32f4xx_rtc.o(i.RTC_ReadBackupRegister) for RTC_ReadBackupRegister
    main.o(i.app_task_init) refers to rtc.o(i.rtc_init) for rtc_init
    main.o(i.app_task_init) refers to stm32f4xx_rtc.o(i.RTC_WriteBackupRegister) for RTC_WriteBackupRegister
    main.o(i.app_task_init) refers to rtc.o(i.rtc_resume_init) for rtc_resume_init
    main.o(i.app_task_init) refers to usart6.o(i.usart_lcd_init) for usart_lcd_init
    main.o(i.app_task_init) refers to motor.o(i.motor_init) for motor_init
    main.o(i.app_task_init) refers to mfrc522.o(i.MFRC522_Initializtion) for MFRC522_Initializtion
    main.o(i.app_task_init) refers to w25qxx.o(i.w25qxx_init) for w25qxx_init
    main.o(i.app_task_init) refers to keyboard.o(i.key_board_init) for key_board_init
    main.o(i.app_task_init) refers to i2c.o(i.i2c_init) for i2c_init
    main.o(i.app_task_init) refers to at24c02.o(i.at24c02_write) for at24c02_write
    main.o(i.app_task_init) refers to flash.o(i.flash_read_offset) for flash_read_offset
    main.o(i.app_task_init) refers to main.o(i.dgb_printf_safe) for dgb_printf_safe
    main.o(i.app_task_init) refers to delay.o(i.delay_ms) for delay_ms
    main.o(i.app_task_init) refers to esp8266_mqtt.o(i.esp8266_mqtt_init) for esp8266_mqtt_init
[...]
    NMI_Handler                              0x08002663   Thumb Code     2  stm32f4xx_it.o(i.NMI_Handler)
    NVIC_Init                                0x08002691   Thumb Code    96  misc.o(i.NVIC_Init)
    NVIC_PriorityGroupConfig                 0x080026f5   Thumb Code    10  misc.o(i.NVIC_PriorityGroupConfig)
    PWR_BackupAccessCmd                      0x08002709   Thumb Code     6  stm32f4xx_pwr.o(i.PWR_BackupAccessCmd)
    RC522_SendByte                           0x08002715   Thumb Code    80  mfrc522.o(i.RC522_SendByte)
    RCC_AHB1PeriphClockCmd                   0x08002769   Thumb Code    18  stm32f4xx_rcc.o(i.RCC_AHB1PeriphClockCmd)
    RCC_APB1PeriphClockCmd                   0x08002781   Thumb Code    18  stm32f4xx_rcc.o(i.RCC_APB1PeriphClockCmd)
    RCC_APB2PeriphClockCmd                   0x08002799   Thumb Code    18  stm32f4xx_rcc.o(i.RCC_APB2PeriphClockCmd)
    RCC_GetClocksFreq                        0x080027b1   Thumb Code   132  stm32f4xx_rcc.o(i.RCC_GetClocksFreq)
    RCC_GetFlagStatus                        0x08002841   Thumb Code    46  stm32f4xx_rcc.o(i.RCC_GetFlagStatus)
    RCC_LSICmd                               0x08002875   Thumb Code     6  stm32f4xx_rcc.o(i.RCC_LSICmd)
    RCC_RTCCLKCmd                            0x08002881   Thumb Code     6  stm32f4xx_rcc.o(i.RCC_RTCCLKCmd)
    RCC_RTCCLKConfig                         0x0800288d   Thumb Code    40  stm32f4xx_rcc.o(i.RCC_RTCCLKConfig)
    RTC_ClearFlag                            0x080028e9   Thumb Code    22  stm32f4xx_rtc.o(i.RTC_ClearFlag)
    RTC_ClearITPendingBit                    0x08002905   Thumb Code    24  stm32f4xx_rtc.o(i.RTC_ClearITPendingBit)
    RTC_EnterInitMode                        0x08002921   Thumb Code    56  stm32f4xx_rtc.o(i.RTC_EnterInitMode)
    RTC_ExitInitMode                         0x0800295d   Thumb Code    12  stm32f4xx_rtc.o(i.RTC_ExitInitMode)
    RTC_GetDate                              0x0800296d   Thumb Code    66  stm32f4xx_rtc.o(i.RTC_GetDate)
    RTC_GetITStatus                          0x080029b9   Thumb Code    46  stm32f4xx_rtc.o(i.RTC_GetITStatus)
    RTC_GetTime                              0x080029f1   Thumb Code    70  stm32f4xx_rtc.o(i.RTC_GetTime)
    RTC_ITConfig                             0x08002a41   Thumb Code    60  stm32f4xx_rtc.o(i.RTC_ITConfig)
    RTC_Init                                 0x08002a81   Thumb Code    74  stm32f4xx_rtc.o(i.RTC_Init)
    RTC_ReadBackupRegister                   0x08002ad1   Thumb Code    14  stm32f4xx_rtc.o(i.RTC_ReadBackupRegister)
    RTC_SetDate                              0x08002ae5   Thumb Code   144  stm32f4xx_rtc.o(i.RTC_SetDate)
    RTC_SetTime                              0x08002b7d   Thumb Code   150  stm32f4xx_rtc.o(i.RTC_SetTime)
    RTC_SetWakeUpCounter                     0x08002c1d   Thumb Code    22  stm32f4xx_rtc.o(i.RTC_SetWakeUpCounter)
    RTC_WKUP_IRQHandler                      0x08002c39   Thumb Code    64  rtc.o(i.RTC_WKUP_IRQHandler)
    RTC_WaitForSynchro                       0x08002c7d   Thumb Code    70  stm32f4xx_rtc.o(i.RTC_WaitForSynchro)
    RTC_WakeUpClockConfig                    0x08002cc9   Thumb Code    34  stm32f4xx_rtc.o(i.RTC_WakeUpClockConfig)
    RTC_WakeUpCmd                            0x08002cf1   Thumb Code    84  stm32f4xx_rtc.o(i.RTC_WakeUpCmd)
    RTC_WriteBackupRegister                  0x08002d49   Thumb Code    14  stm32f4xx_rtc.o(i.RTC_WriteBackupRegister)
    Read_MFRC522                             0x08002d5d   Thumb Code    38  mfrc522.o(i.Read_MFRC522)
    SPI1_SendByte                            0x08002d89   Thumb Code    48  w25qxx.o(i.SPI1_SendByte)
    SPI3_Receive                             0x08002dbd   Thumb Code     6  mfrc522.o(i.SPI3_Receive)
    SPI_Cmd                                  0x08002dc3   Thumb Code    20  stm32f4xx_spi.o(i.SPI_Cmd)
    SPI_I2S_GetFlagStatus                    0x08002dd7   Thumb Code    14  stm32f4xx_spi.o(i.SPI_I2S_GetFlagStatus)
    SPI_I2S_ReceiveData                      0x08002de5   Thumb Code     4  stm32f4xx_spi.o(i.SPI_I2S_ReceiveData)
    SPI_I2S_SendData                         0x08002de9   Thumb Code     4  stm32f4xx_spi.o(i.SPI_I2S_SendData)
    SPI_Init                                 0x08002ded   Thumb Code    56  stm32f4xx_spi.o(i.SPI_Init)
    STM32_SPI3_Init                          0x08002e25   Thumb Code   140  mfrc522.o(i.STM32_SPI3_Init)
    SYSCFG_EXTILineConfig                    0x08002ec9   Thumb Code    42  stm32f4xx_syscfg.o(i.SYSCFG_EXTILineConfig)
    SetBitMask                               0x08002ef9   Thumb Code    24  mfrc522.o(i.SetBitMask)
    SysTick_Handler                          0x08002fc5   Thumb Code    38  port.o(i.SysTick_Handler)
    SystemInit                               0x08002ff1   Thumb Code    74  system_stm32f4xx.o(i.SystemInit)
    USART1_IRQHandler                        0x0800304d   Thumb Code   134  usart.o(i.USART1_IRQHandler)
    USART2_IRQHandler                        0x080030e9   Thumb Code    84  sfm.o(i.USART2_IRQHandler)
    USART3_IRQHandler                        0x08003149   Thumb Code    82  esp8266.o(i.USART3_IRQHandler)
    USART6_IRQHandler                        0x080031a9   Thumb Code   112  usart6.o(i.USART6_IRQHandler)
    USART_ClearFlag                          0x08003229   Thumb Code     6  stm32f4xx_usart.o(i.USART_ClearFlag)
    USART_ClearITPendingBit                  0x0800322f   Thumb Code    12  stm32f4xx_usart.o(i.USART_ClearITPendingBit)
    USART_Cmd                                0x0800323b   Thumb Code    20  stm32f4xx_usart.o(i.USART_Cmd)
    USART_GetFlagStatus                      0x0800324f   Thumb Code    14  stm32f4xx_usart.o(i.USART_GetFlagStatus)
    USART_GetITStatus                        0x0800325d   Thumb Code    62  stm32f4xx_usart.o(i.USART_GetITStatus)
    USART_ITConfig                           0x0800329b   Thumb Code    48  stm32f4xx_usart.o(i.USART_ITConfig)
    USART_Init                               0x080032cd   Thumb Code   164  stm32f4xx_usart.o(i.USART_Init)
    USART_ReceiveData                        0x08003379   Thumb Code     8  stm32f4xx_usart.o(i.USART_ReceiveData)
    USART_SendData                           0x08003381   Thumb Code     8  stm32f4xx_usart.o(i.USART_SendData)
    UsageFault_Handler                       0x08003389   Thumb Code     2  stm32f4xx_it.o(i.UsageFault_Handler)
    Write_MFRC522                            0x0800338d   Thumb Code    38  mfrc522.o(i.Write_MFRC522)
    __ARM_fpclassify                         0x080033b9   Thumb Code    48  fpclassify.o(i.__ARM_fpclassify)
    _is_digit                                0x080033e9   Thumb Code    14  __printf_wp.o(i._is_digit)
    _sys_exit                                0x080033f7   Thumb Code     2  usart.o(i._sys_exit)
    at24c02_read                             0x08005615   Thumb Code   126  at24c02.o(i.at24c02_read)
    at24c02_write                            0x080056d5   Thumb Code   104  at24c02.o(i.at24c02_write)
    bcc_check                                0x08005791   Thumb Code    24  sfm.o(i.bcc_check)
    beep_init                                0x080057a9   Thumb Code    54  beep.o(i.beep_init)
    delay_ms                                 0x080057e9   Thumb Code     4  delay.o(i.delay_ms)
    delay_us                                 0x080057ed   Thumb Code    72  delay.o(i.delay_us)
    dgb_printf_safe                          0x0800583d   Thumb Code    44  main.o(i.dgb_printf_safe)
    dht11_init                               0x0800586d   Thumb Code    48  dht11.o(i.dht11_init)
    dht11_read_data                          0x080058a9   Thumb Code   336  dht11.o(i.dht11_read_data)
    esp8266_connect_ap                       0x08005a05   Thumb Code   118  esp8266.o(i.esp8266_connect_ap)
    esp8266_connect_server                   0x08005ab9   Thumb Code   130  esp8266.o(i.esp8266_connect_server)
    esp8266_enable_echo                      0x08005b69   Thumb Code    34  esp8266.o(i.esp8266_enable_echo)
    esp8266_entry_transparent_transmission   0x08005ba1   Thumb Code    60  esp8266.o(i.esp8266_entry_transparent_transmission)
    esp8266_exit_transparent_transmission    0x08005c05   Thumb Code    28  esp8266.o(i.esp8266_exit_transparent_transmission)
    esp8266_find_str_in_rx_packet            0x08005c25   Thumb Code    44  esp8266.o(i.esp8266_find_str_in_rx_packet)
    esp8266_init                             0x08005c55   Thumb Code     8  esp8266.o(i.esp8266_init)
    esp8266_mqtt_init                        0x08005c5d   Thumb Code   268  esp8266_mqtt.o(i.esp8266_mqtt_init)
    esp8266_reset                            0x08006059   Thumb Code    28  esp8266.o(i.esp8266_reset)
    esp8266_send_at                          0x08006085   Thumb Code    30  esp8266.o(i.esp8266_send_at)
    esp8266_send_bytes                       0x080060ad   Thumb Code     4  esp8266.o(i.esp8266_send_bytes)
    flash_erase_sector                       0x080060b1   Thumb Code    24  flash.o(i.flash_erase_sector)
    flash_read                               0x080060c9   Thumb Code   192  flash.o(i.flash_read)
    flash_read_offset                        0x080061f5   Thumb Code    30  flash.o(i.flash_read_offset)
    flash_write                              0x08006215   Thumb Code    48  flash.o(i.flash_write)
    fputc                                    0x08006249   Thumb Code    14  usart.o(i.fputc)
    get_key_board                            0x0800625d   Thumb Code   254  keyboard.o(i.get_key_board)
    get_key_board_val                        0x0800636d   Thumb Code    76  keyboard.o(i.get_key_board_val)
    i2c_ack                                  0x080063bd   Thumb Code    74  i2c.o(i.i2c_ack)
    i2c_init                                 0x0800640d   Thumb Code    52  i2c.o(i.i2c_init)
    i2c_pin_mode                             0x0800644d   Thumb Code    28  i2c.o(i.i2c_pin_mode)
    i2c_recv_byte                            0x08006471   Thumb Code    66  i2c.o(i.i2c_recv_byte)
    i2c_send_byte                            0x080064b9   Thumb Code    88  i2c.o(i.i2c_send_byte)
    i2c_start                                0x08006515   Thumb Code    44  i2c.o(i.i2c_start)
    i2c_stop                                 0x08006545   Thumb Code    36  i2c.o(i.i2c_stop)
    i2c_wait_ack                             0x0800656d   Thumb Code    50  i2c.o(i.i2c_wait_ack)
    iwdg_init                                0x080065a5   Thumb Code    42  iwdg.o(i.iwdg_init)
    key_board_init                           0x080065dd   Thumb Code   120  keyboard.o(i.key_board_init)
    key_init                                 0x08006665   Thumb Code   238  key.o(i.key_init)
    led_init                                 0x0800675d   Thumb Code   110  led.o(i.led_init)
    main                                     0x080067d5   Thumb Code    88  main.o(i.main)
    motor_corotation_close                   0x0800684d   Thumb Code   134  motor.o(i.motor_corotation_close)
    motor_corotation_open                    0x080068dd   Thumb Code   134  motor.o(i.motor_corotation_open)
    motor_init                               0x0800696d   Thumb Code   104  motor.o(i.motor_init)
    mqtt_connect                             0x080069e5   Thumb Code   388  esp8266_mqtt.o(i.mqtt_connect)
    mqtt_publish_data                        0x08006b79   Thumb Code   176  esp8266_mqtt.o(i.mqtt_publish_data)
    mqtt_report_devices_status               0x08006c31   Thumb Code    62  esp8266_mqtt.o(i.mqtt_report_devices_status)
    mqtt_send_bytes                          0x08006cb9   Thumb Code     4  esp8266_mqtt.o(i.mqtt_send_bytes)
    mqtt_send_heart                          0x08006cbd   Thumb Code     8  esp8266_mqtt.o(i.mqtt_send_heart)
    mqtt_subscribe_topic                     0x08006cc9   Thumb Code   230  esp8266_mqtt.o(i.mqtt_subscribe_topic)
    passwd_compare                           0x08006dc1   Thumb Code    14  keyboard.o(i.passwd_compare)
    pvPortMalloc                             0x08007671   Thumb Code   254  heap_4.o(i.pvPortMalloc)
    pvTaskIncrementMutexHeldCount            0x080077a5   Thumb Code    18  tasks.o(i.pvTaskIncrementMutexHeldCount)
    pxPortInitialiseStack                    0x080077bd   Thumb Code    40  port.o(i.pxPortInitialiseStack)
    rtc_init                                 0x080077e9   Thumb Code   232  rtc.o(i.rtc_init)
    rtc_resume_init                          0x080078d1   Thumb Code   174  rtc.o(i.rtc_resume_init)
    sfm_compare_users                        0x08007981   Thumb Code   128  sfm.o(i.sfm_compare_users)
    sfm_ctrl_led                             0x08007a0d   Thumb Code   122  sfm.o(i.sfm_ctrl_led)
    sfm_del_user_all                         0x08007a95   Thumb Code   112  sfm.o(i.sfm_del_user_all)
    sfm_error_code                           0x08007b11   Thumb Code    94  sfm.o(i.sfm_error_code)
    sfm_get_unused_id                        0x08007c1d   Thumb Code   124  sfm.o(i.sfm_get_unused_id)
    sfm_init                                 0x08007ca5   Thumb Code    28  sfm.o(i.sfm_init)
    sfm_reg_user                             0x08007cc1   Thumb Code   354  sfm.o(i.sfm_reg_user)
    sfm_touch_check                          0x08007e31   Thumb Code   112  sfm.o(i.sfm_touch_check)
    sfm_touch_init                           0x08007ead   Thumb Code    42  sfm.o(i.sfm_touch_init)
    sfm_usart2_init                          0x08007edd   Thumb Code   168  sfm.o(i.sfm_usart2_init)
    spi_flash_card_add                       0x08007fa9   Thumb Code   112  w25qxx.o(i.spi_flash_card_add)
    spi_flash_card_match                     0x08008019   Thumb Code    68  w25qxx.o(i.spi_flash_card_match)
    spi_flash_card_remove_all                0x0800805d   Thumb Code    12  w25qxx.o(i.spi_flash_card_remove_all)
    spi_flash_card_times                     0x08008069   Thumb Code    60  w25qxx.o(i.spi_flash_card_times)
    uart6_init                               0x080080a5   Thumb Code   164  usart6.o(i.uart6_init)
    uart_init                                0x08008151   Thumb Code   166  usart.o(i.uart_init)
    usart3_init                              0x08008201   Thumb Code   166  esp8266.o(i.usart3_init)
    usart3_send_bytes                        0x080082b1   Thumb Code    38  esp8266.o(i.usart3_send_bytes)
    usart3_send_str                          0x080082dd   Thumb Code    36  esp8266.o(i.usart3_send_str)
    usart_lcd_init                           0x08008305   Thumb Code     4  usart6.o(i.usart_lcd_init)
    usart_send_bytes                         0x08008309   Thumb Code    46  usart.o(i.usart_send_bytes)
    uxListRemove                             0x08008337   Thumb Code    38  list.o(i.uxListRemove)
    uxTaskResetEventItemValue                0x0800835d   Thumb Code    20  tasks.o(i.uxTaskResetEventItemValue)
    vApplicationIdleHook                     0x08008375   Thumb Code     4  main.o(i.vApplicationIdleHook)
    vApplicationMallocFailedHook             0x08008379   Thumb Code    16  main.o(i.vApplicationMallocFailedHook)
    vApplicationStackOverflowHook            0x08008389   Thumb Code    22  main.o(i.vApplicationStackOverflowHook)
    vApplicationTickHook                     0x080083d9   Thumb Code     2  main.o(i.vApplicationTickHook)
    vEventGroupSetBitsCallback               0x080083db   Thumb Code     4  event_groups.o(i.vEventGroupSetBitsCallback)
    vListInitialise                          0x080083df   Thumb Code    22  list.o(i.vListInitialise)
    vListInitialiseItem                      0x080083f5   Thumb Code     6  list.o(i.vListInitialiseItem)
    vListInsert                              0x080083fb   Thumb Code    48  list.o(i.vListInsert)
    vListInsertEnd                           0x0800842b   Thumb Code    24  list.o(i.vListInsertEnd)
    vPortEnterCritical                       0x08008445   Thumb Code    70  port.o(i.vPortEnterCritical)
    vPortExitCritical                        0x080084c1   Thumb Code    50  port.o(i.vPortExitCritical)
    vPortFree                                0x08008525   Thumb Code   116  heap_4.o(i.vPortFree)
    vPortSetupTimerInterrupt                 0x080085cd   Thumb Code    32  port.o(i.vPortSetupTimerInterrupt)
    vPortValidateInterruptPriority           0x080085f1   Thumb Code   102  port.o(i.vPortValidateInterruptPriority)
    vQueueAddToRegistry                      0x0800868d   Thumb Code    32  queue.o(i.vQueueAddToRegistry)
    vQueueWaitForMessageRestricted           0x080086b1   Thumb Code    68  queue.o(i.vQueueWaitForMessageRestricted)
    vTaskDelay                               0x080086f5   Thumb Code    80  tasks.o(i.vTaskDelay)
    vTaskDelete                              0x0800877d   Thumb Code   170  tasks.o(i.vTaskDelete)
    vTaskInternalSetTimeOutState             0x08008869   Thumb Code    12  tasks.o(i.vTaskInternalSetTimeOutState)
    vTaskMissedYield                         0x08008879   Thumb Code     8  tasks.o(i.vTaskMissedYield)
    vTaskPlaceOnEventList                    0x08008885   Thumb Code    58  tasks.o(i.vTaskPlaceOnEventList)
    vTaskPlaceOnEventListRestricted          0x080088f5   Thumb Code    66  tasks.o(i.vTaskPlaceOnEventListRestricted)
    vTaskPlaceOnUnorderedEventList           0x0800896d   Thumb Code   100  tasks.o(i.vTaskPlaceOnUnorderedEventList)
    vTaskPriorityDisinheritAfterTimeout      0x08008a05   Thumb Code   190  tasks.o(i.vTaskPriorityDisinheritAfterTimeout)
    vTaskRemoveFromUnorderedEventList        0x08008afd   Thumb Code   132  tasks.o(i.vTaskRemoveFromUnorderedEventList)
    vTaskResume                              0x08008bb9   Thumb Code   126  tasks.o(i.vTaskResume)
    vTaskStartScheduler                      0x08008c75   Thumb Code   108  tasks.o(i.vTaskStartScheduler)
    vTaskSuspend                             0x08008d21   Thumb Code   184  tasks.o(i.vTaskSuspend)
    vTaskSuspendAll                          0x08008e19   Thumb Code    10  tasks.o(i.vTaskSuspendAll)
    vTaskSwitchContext                       0x08008e29   Thumb Code   140  tasks.o(i.vTaskSwitchContext)
    w25qxx_erase_sector                      0x08008eed   Thumb Code    74  w25qxx.o(i.w25qxx_erase_sector)
    w25qxx_init                              0x08008f3d   Thumb Code   182  w25qxx.o(i.w25qxx_init)
    w25qxx_read_data                         0x08009001   Thumb Code    78  w25qxx.o(i.w25qxx_read_data)
    w25qxx_read_status1                      0x08009055   Thumb Code    42  w25qxx.o(i.w25qxx_read_status1)
    w25qxx_write_data                        0x08009085   Thumb Code    60  w25qxx.o(i.w25qxx_write_data)
    w25qxx_write_data_ex                     0x080090c1   Thumb Code   146  w25qxx.o(i.w25qxx_write_data_ex)
    w25qxx_write_disable                     0x08009159   Thumb Code    34  w25qxx.o(i.w25qxx_write_disable)
    w25qxx_write_enable                      0x08009181   Thumb Code    34  w25qxx.o(i.w25qxx_write_enable)
    w25qxx_write_page                        0x080091a9   Thumb Code    88  w25qxx.o(i.w25qxx_write_page)
    xEventGroupCreate                        0x08009205   Thumb Code    26  event_groups.o(i.xEventGroupCreate)
    xEventGroupSetBits                       0x08009221   Thumb Code   168  event_groups.o(i.xEventGroupSetBits)
    xEventGroupSetBitsFromISR                0x080092fd   Thumb Code    12  event_groups.o(i.xEventGroupSetBitsFromISR)
    xEventGroupWaitBits                      0x0800930d   Thumb Code   314  event_groups.o(i.xEventGroupWaitBits)
    xPortStartScheduler                      0x08009481   Thumb Code   280  port.o(i.xPortStartScheduler)
    xQueueCreateCountingSemaphore            0x080095d9   Thumb Code    86  queue.o(i.xQueueCreateCountingSemaphore)
    xQueueCreateMutex                        0x08009661   Thumb Code    36  queue.o(i.xQueueCreateMutex)
    xQueueGenericCreate                      0x08009685   Thumb Code    96  queue.o(i.xQueueGenericCreate)
    xQueueGenericReset                       0x08009715   Thumb Code   144  queue.o(i.xQueueGenericReset)
    xQueueGenericSend                        0x080097d9   Thumb Code   406  queue.o(i.xQueueGenericSend)
    xQueueGenericSendFromISR                 0x080099a5   Thumb Code   230  queue.o(i.xQueueGenericSendFromISR)
    xQueueReceive                            0x08009abd   Thumb Code   350  queue.o(i.xQueueReceive)
    xQueueSemaphoreTake                      0x08009c51   Thumb Code   432  queue.o(i.xQueueSemaphoreTake)
    xTaskCheckForTimeOut                     0x08009e35   Thumb Code   140  tasks.o(i.xTaskCheckForTimeOut)
    xTaskCreate                              0x08009ef5   Thumb Code    86  tasks.o(i.xTaskCreate)
    xTaskGetSchedulerState                   0x08009f4d   Thumb Code    22  tasks.o(i.xTaskGetSchedulerState)
    xTaskGetTickCount                        0x08009f69   Thumb Code     6  tasks.o(i.xTaskGetTickCount)
    xTaskIncrementTick                       0x08009f75   Thumb Code   196  tasks.o(i.xTaskIncrementTick)
    xTaskPriorityDisinherit                  0x0800a071   Thumb Code   172  tasks.o(i.xTaskPriorityDisinherit)
    xTaskPriorityInherit                     0x0800a155   Thumb Code   140  tasks.o(i.xTaskPriorityInherit)
    xTaskRemoveFromEventList                 0x0800a1e9   Thumb Code   120  tasks.o(i.xTaskRemoveFromEventList)
    xTaskResumeAll                           0x0800a29d   Thumb Code   196  tasks.o(i.xTaskResumeAll)
    xTimerCreate                             0x0800a39d   Thumb Code    92  timers.o(i.xTimerCreate)
    xTimerCreateTimerTask                    0x0800a429   Thumb Code    72  timers.o(i.xTimerCreateTimerTask)
    xTimerGenericCommand                     0x0800a4b1   Thumb Code   108  timers.o(i.xTimerGenericCommand)
    xTimerPendFunctionCallFromISR            0x0800a551   Thumb Code    34  timers.o(i.xTimerPendFunctionCallFromISR)
    _get_lc_numeric                          0x0800a579   Thumb Code    44  lc_numeric_c.o(locale$$code)
    _get_lc_ctype                            0x0800a5a5   Thumb Code    44  lc_ctype_c.o(locale$$code)
    __fpl_dretinf                            0x0800a5d1   Thumb Code    12  dretinf.o(x$fpl$dretinf)
    __aeabi_f2d                              0x0800a5dd   Thumb Code     0  f2d.o(x$fpl$f2d)
    _f2d                                     0x0800a5dd   Thumb Code    86  f2d.o(x$fpl$f2d)
    __fpl_fnaninf                            0x0800a633   Thumb Code   140  fnaninf.o(x$fpl$fnaninf)
    _fp_init                                 0x0800a6bf   Thumb Code    10  fpinit.o(x$fpl$fpinit)
    __fplib_config_fpu_vfp                   0x0800a6c7   Thumb Code     0  fpinit.o(x$fpl$fpinit)
    __fplib_config_pureend_doubles           0x0800a6c7   Thumb Code     0  fpinit.o(x$fpl$fpinit)
    _printf_fp_dec                           0x0800a6c9   Thumb Code     4  printf1.o(x$fpl$printf1)
    __I$use$fp                               0x0800a6cc   Number         0  usenofp.o(x$fpl$usenofp)
    g_packet_disconnect                      0x0800a8ac   Data           2  esp8266_mqtt.o(.constdata)
    g_packet_heart                           0x0800a8ae   Data           2  esp8266_mqtt.o(.constdata)
    Region$$Table$$Base                      0x0800b26c   Number         0  anon$$obj.o(Region$$Table)
    Region$$Table$$Limit                     0x0800b28c   Number         0  anon$$obj.o(Region$$Table)
    __ctype                                  0x0800b2b5   Data           0  lc_ctype_c.o(locale$$data)
    g_flash_offset                           0x2000000c   Data           4  main.o(.data)
    g_temp                                   0x20000010   Data           4  main.o(.data)
    g_humi                                   0x20000014   Data           4  main.o(.data)
    g_mutex_printf                           0x2000001c   Data           4  main.o(.data)
    g_event_group                            0x20000020   Data           4  main.o(.data)
    g_queue_usart                            0x20000024   Data           4  main.o(.data)
    g_queue_usart6                           0x20000028   Data           4  main.o(.data)
    g_queue_led                              0x2000002c   Data           4  main.o(.data)
    g_queue_beep                             0x20000030   Data           4  main.o(.data)
    g_queue_usartlcd                         0x20000034   Data           4  main.o(.data)
    g_queue_esp8266                          0x20000038   Data           4  main.o(.data)
    g_queue_flash                            0x2000003c   Data           4  main.o(.data)
    g_sem_led                                0x20000040   Data           4  main.o(.data)
    g_sem_beep                               0x20000044   Data           4  main.o(.data)
    g_modify_passward                        0x20000048   Data           6  main.o(.data)
    SystemCoreClock                          0x20000094   Data           4  system_stm32f4xx.o(.data)
    AHBPrescTable                            0x20000098   Data          16  system_stm32f4xx.o(.data)
    g_usart2_rx_cnt                          0x200000b0   Data           4  sfm.o(.data)
    g_usart2_rx_end                          0x200000b4   Data           4  sfm.o(.data)
    g_esp8266_rx_cnt                         0x200000d0   Data           4  esp8266.o(.data)
    g_mqtt_tx_len                            0x200000d8   Data           4  esp8266_mqtt.o(.data)
    __stdout                                 0x200000e0   Data           4  usart.o(.data)
    pxCurrentTCB                             0x200000f4   Data           4  tasks.o(.data)
    g_input_passward                         0x2000016c   Data          10  main.o(.bss)
    g_usart2_rx_buf                          0x200003d8   Data         512  sfm.o(.bss)
    g_esp8266_tx_buf                         0x20001619   Data         512  esp8266.o(.bss)
    g_esp8266_rx_buf                         0x20001819   Data         512  esp8266.o(.bss)
    g_mqtt_msg                               0x20001a19   Data         526  esp8266_mqtt.o(.bss)
    xQueueRegistry                           0x20001c68   Data          64  queue.o(.bss)
    __libspace_start                         0x20014bb4   Data          96  libspace.o(.bss)
    __temporary_stack_top$libspace           0x20014c14   Data           0  libspace.o(.bss)



==============================================================================

Memory Map of the image

  Image Entry point : 0x08000189

  Load Region LR_IROM1 (Base: 0x08000000, Size: 0x0000b524, Max: 0x00080000, ABSOLUTE, COMPRESSED[0x0000b3d8])

    Execution Region ER_IROM1 (Exec base: 0x08000000, Load base: 0x08000000, Size: 0x0000b3b8, Max: 0x00080000, ABSOLUTE)

    Exec Addr    Load Addr    Size         Type   Attr      Idx    E Section Name        Object

    0x08000000   0x08000000   0x00000188   Data   RO         1713    RESET               startup_stm32f40_41xxx.o
    0x08000188   0x08000188   0x00000008   Code   RO         4887  * !!!main             c_w.l(__main.o)
    0x08000190   0x08000190   0x00000034   Code   RO         5176    !!!scatter          c_w.l(__scatter.o)
    0x080001c4   0x080001c4   0x0000005a   Code   RO         5174    !!dczerorl2         c_w.l(__dczerorl2.o)
    0x0800021e   0x0800021e   0x00000002   PAD
    0x08000220   0x08000220   0x0000001c   Code   RO         5178    !!handler_zi        c_w.l(__scatter_zi.o)
    0x0800023c   0x0800023c   0x00000000   Code   RO         4863    .ARM.Collect$$_printf_percent$$00000000  c_w.l(_printf_percent.o)
    0x0800023c   0x0800023c   0x00000006   Code   RO         4929    .ARM.Collect$$_printf_percent$$00000001  c_w.l(_printf_n.o)
    0x08000242   0x08000242   0x00000006   Code   RO         4930    .ARM.Collect$$_printf_percent$$00000002  c_w.l(_printf_p.o)
    0x08000248   0x08000248   0x00000006   Code   RO         4862    .ARM.Collect$$_printf_percent$$00000003  c_w.l(_printf_f.o)
    0x0800024e   0x0800024e   0x00000006   Code   RO         4934    .ARM.Collect$$_printf_percent$$00000004  c_w.l(_printf_e.o)
    0x08000254   0x08000254   0x00000006   Code   RO         4935    .ARM.Collect$$_printf_percent$$00000005  c_w.l(_printf_g.o)
    0x0800025a   0x0800025a   0x00000006   Code   RO         4936    .ARM.Collect$$_printf_percent$$00000006  c_w.l(_printf_a.o)
    0x08000260   0x08000260   0x0000000a   Code   RO         4941    .ARM.Collect$$_printf_percent$$00000007  c_w.l(_printf_ll.o)
    0x0800026a   0x0800026a   0x00000006   Code   RO         4932    .ARM.Collect$$_printf_percent$$00000008  c_w.l(_printf_i.o)
    0x08000270   0x08000270   0x00000006   Code   RO         4861    .ARM.Collect$$_printf_percent$$00000009  c_w.l(_printf_d.o)
    0x08000276   0x08000276   0x00000006   Code   RO         4933    .ARM.Collect$$_printf_percent$$0000000A  c_w.l(_printf_u.o)
    0x0800027c   0x0800027c   0x00000006   Code   RO         4931    .ARM.Collect$$_printf_percent$$0000000B  c_w.l(_printf_o.o)
    0x08000282   0x08000282   0x00000006   Code   RO         4860    .ARM.Collect$$_printf_percent$$0000000C  c_w.l(_printf_x.o)
    0x08000288   0x08000288   0x00000006   Code   RO         4938    .ARM.Collect$$_printf_percent$$0000000D  c_w.l(_printf_lli.o)
    0x0800028e   0x0800028e   0x00000006   Code   RO         4939    .ARM.Collect$$_printf_percent$$0000000E  c_w.l(_printf_lld.o)
    0x08000294   0x08000294   0x00000006   Code   RO         4940    .ARM.Collect$$_printf_percent$$0000000F  c_w.l(_printf_llu.o)
    0x0800029a   0x0800029a   0x00000006   Code   RO         4945    .ARM.Collect$$_printf_percent$$00000010  c_w.l(_printf_llo.o)
    0x080002a0   0x080002a0   0x00000006   Code   RO         4946    .ARM.Collect$$_printf_percent$$00000011  c_w.l(_printf_llx.o)
    0x080002a6   0x080002a6   0x0000000a   Code   RO         4942    .ARM.Collect$$_printf_percent$$00000012  c_w.l(_printf_l.o)
    0x080002b0   0x080002b0   0x00000006   Code   RO         4928    .ARM.Collect$$_printf_percent$$00000013  c_w.l(_printf_c.o)
    0x080002b6   0x080002b6   0x00000006   Code   RO         4859    .ARM.Collect$$_printf_percent$$00000014  c_w.l(_printf_s.o)
    0x080002bc   0x080002bc   0x00000006   Code   RO         4943    .ARM.Collect$$_printf_percent$$00000015  c_w.l(_printf_lc.o)
    0x080002c2   0x080002c2   0x00000006   Code   RO         4944    .ARM.Collect$$_printf_percent$$00000016  c_w.l(_printf_ls.o)
    0x080002c8   0x080002c8   0x00000004   Code   RO         4937    .ARM.Collect$$_printf_percent$$00000017  c_w.l(_printf_percent_end.o)
    0x080002cc   0x080002cc   0x00000002   Code   RO         5051    .ARM.Collect$$libinit$$00000000  c_w.l(libinit.o)
    0x080002ce   0x080002ce   0x00000004   Code   RO         5052    .ARM.Collect$$libinit$$00000001  c_w.l(libinit2.o)
    0x080002d2   0x080002d2   0x00000000   Code   RO         5055    .ARM.Collect$$libinit$$00000004  c_w.l(libinit2.o)
    0x080002d2   0x080002d2   0x00000000   Code   RO         5058    .ARM.Collect$$libinit$$0000000A  c_w.l(libinit2.o)
    0x080002d2   0x080002d2   0x00000000   Code   RO         5060    .ARM.Collect$$libinit$$0000000C  c_w.l(libinit2.o)
    0x080002d2   0x080002d2   0x00000000   Code   RO         5062    .ARM.Collect$$libinit$$0000000E  c_w.l(libinit2.o)
    0x080002d2   0x080002d2   0x00000006   Code   RO         5063    .ARM.Collect$$libinit$$0000000F  c_w.l(libinit2.o)
    0x080002d8   0x080002d8   0x00000000   Code   RO         5065    .ARM.Collect$$libinit$$00000011  c_w.l(libinit2.o)
    0x080002d8   0x080002d8   0x0000000c   Code   RO         5066    .ARM.Collect$$libinit$$00000012  c_w.l(libinit2.o)
    0x080002e4   0x080002e4   0x00000000   Code   RO         5067    .ARM.Collect$$libinit$$00000013  c_w.l(libinit2.o)
    0x080002e4   0x080002e4   0x00000000   Code   RO         5069    .ARM.Collect$$libinit$$00000015  c_w.l(libinit2.o)
    0x080002e4   0x080002e4   0x0000000a   Code   RO         5070    .ARM.Collect$$libinit$$00000016  c_w.l(libinit2.o)
    0x080002ee   0x080002ee   0x00000000   Code   RO         5071    .ARM.Collect$$libinit$$00000017  c_w.l(libinit2.o)
    0x080002ee   0x080002ee   0x00000000   Code   RO         5073    .ARM.Collect$$libinit$$00000019  c_w.l(libinit2.o)
    0x080002ee   0x080002ee   0x00000000   Code   RO         5075    .ARM.Collect$$libinit$$0000001B  c_w.l(libinit2.o)
    0x080002ee   0x080002ee   0x00000000   Code   RO         5077    .ARM.Collect$$libinit$$0000001D  c_w.l(libinit2.o)
    0x080002ee   0x080002ee   0x00000000   Code   RO         5079    .ARM.Collect$$libinit$$0000001F  c_w.l(libinit2.o)
    0x080002ee   0x080002ee   0x00000000   Code   RO         5081    .ARM.Collect$$libinit$$00000021  c_w.l(libinit2.o)
    0x080002ee   0x080002ee   0x00000000   Code   RO         5083    .ARM.Collect$$libinit$$00000023  c_w.l(libinit2.o)
    0x080002ee   0x080002ee   0x00000000   Code   RO         5085    .ARM.Collect$$libinit$$00000025  c_w.l(libinit2.o)
    0x080002ee   0x080002ee   0x00000000   Code   RO         5089    .ARM.Collect$$libinit$$0000002C  c_w.l(libinit2.o)
    0x080002ee   0x080002ee   0x00000000   Code   RO         5091    .ARM.Collect$$libinit$$0000002E  c_w.l(libinit2.o)
    0x080002ee   0x080002ee   0x00000000   Code   RO         5093    .ARM.Collect$$libinit$$00000030  c_w.l(libinit2.o)
    0x080002ee   0x080002ee   0x00000000   Code   RO         5095    .ARM.Collect$$libinit$$00000032  c_w.l(libinit2.o)
    0x080002ee   0x080002ee   0x00000002   Code   RO         5096    .ARM.Collect$$libinit$$00000033  c_w.l(libinit2.o)
    0x080002f0   0x080002f0   0x00000002   Code   RO         5124    .ARM.Collect$$libshutdown$$00000000  c_w.l(libshutdown.o)
    0x080002f2   0x080002f2   0x00000000   Code   RO         5133    .ARM.Collect$$libshutdown$$00000002  c_w.l(libshutdown2.o)
    0x080002f2   0x080002f2   0x00000000   Code   RO         5135    .ARM.Collect$$libshutdown$$00000004  c_w.l(libshutdown2.o)
    0x080002f2   0x080002f2   0x00000000   Code   RO         5138    .ARM.Collect$$libshutdown$$00000007  c_w.l(libshutdown2.o)
    0x080002f2   0x080002f2   0x00000000   Code   RO         5141    .ARM.Collect$$libshutdown$$0000000A  c_w.l(libshutdown2.o)
    0x080002f2   0x080002f2   0x00000000   Code   RO         5143    .ARM.Collect$$libshutdown$$0000000C  c_w.l(libshutdown2.o)
    0x080002f2   0x080002f2   0x00000000   Code   RO         5146    .ARM.Collect$$libshutdown$$0000000F  c_w.l(libshutdown2.o)
    0x080002f2   0x080002f2   0x00000002   Code   RO         5147    .ARM.Collect$$libshutdown$$00000010  c_w.l(libshutdown2.o)
    0x080002f4   0x080002f4   0x00000000   Code   RO         4895    .ARM.Collect$$rtentry$$00000000  c_w.l(__rtentry.o)
    0x080002f4   0x080002f4   0x00000000   Code   RO         4962    .ARM.Collect$$rtentry$$00000002  c_w.l(__rtentry2.o)
    0x080002f4   0x080002f4   0x00000006   Code   RO         4974    .ARM.Collect$$rtentry$$00000004  c_w.l(__rtentry4.o)
    0x080002fa   0x080002fa   0x00000000   Code   RO         4964    .ARM.Collect$$rtentry$$00000009  c_w.l(__rtentry2.o)
    0x080002fa   0x080002fa   0x00000004   Code   RO         4965    .ARM.Collect$$rtentry$$0000000A  c_w.l(__rtentry2.o)
    0x080002fe   0x080002fe   0x00000000   Code   RO         4967    .ARM.Collect$$rtentry$$0000000C  c_w.l(__rtentry2.o)
    0x080002fe   0x080002fe   0x00000008   Code   RO         4968    .ARM.Collect$$rtentry$$0000000D  c_w.l(__rtentry2.o)
    0x08000306   0x08000306   0x00000002   Code   RO         5097    .ARM.Collect$$rtexit$$00000000  c_w.l(rtexit.o)
    0x08000308   0x08000308   0x00000000   Code   RO         5104    .ARM.Collect$$rtexit$$00000002  c_w.l(rtexit2.o)
    0x08000308   0x08000308   0x00000004   Code   RO         5105    .ARM.Collect$$rtexit$$00000003  c_w.l(rtexit2.o)
    0x0800030c   0x0800030c   0x00000006   Code   RO         5106    .ARM.Collect$$rtexit$$00000004  c_w.l(rtexit2.o)
    0x08000312   0x08000312   0x00000002   PAD
    0x08000314   0x08000314   0x000000be   Code   RO         4718    .emb_text           port.o
    0x080003d2   0x080003d2   0x00000002   PAD
    0x080003d4   0x080003d4   0x00000040   Code   RO         1714    .text               startup_stm32f40_41xxx.o
    0x08000414   0x08000414   0x00000002   Code   RO         4798    .text               c_w.l(use_no_semi_2.o)
    0x08000416   0x08000416   0x00000002   PAD
    0x08000418   0x08000418   0x0000000c   Code   RO         4800    .text               c_w.l(c89vprintf.o)
    0x08000424   0x08000424   0x00000018   Code   RO         4802    .text               c_w.l(__2printf.o)
    0x0800043c   0x0800043c   0x0000002c   Code   RO         4804    .text               c_w.l(__2sprintf.o)
    0x08000468   0x08000468   0x0000004e   Code   RO         4812    .text               c_w.l(_printf_pad.o)
    0x080004b6   0x080004b6   0x00000052   Code   RO         4814    .text               c_w.l(_printf_str.o)
    0x08000508   0x08000508   0x00000078   Code   RO         4816    .text               c_w.l(_printf_dec.o)
    0x08000580   0x08000580   0x00000094   Code   RO         4836    .text               c_w.l(_printf_hex_int_ll_ptr.o)
    0x08000614   0x08000614   0x00000188   Code   RO         4856    .text               c_w.l(__printf_flags_ss_wp.o)
    0x0800079c   0x0800079c   0x0000001a   Code   RO         4864    .text               c_w.l(atoi.o)
    0x080007b6   0x080007b6   0x00000002   PAD
    0x080007b8   0x080007b8   0x0000000c   Code   RO         4866    .text               c_w.l(strtok.o)
    0x080007c4   0x080007c4   0x00000024   Code   RO         4869    .text               c_w.l(strstr.o)
    0x080007e8   0x080007e8   0x00000058   Code   RO         4871    .text               c_w.l(memcmp.o)
    0x08000840   0x08000840   0x0000003e   Code   RO         4873    .text               c_w.l(strlen.o)
    0x0800087e   0x0800087e   0x0000008a   Code   RO         4875    .text               c_w.l(rt_memcpy_v6.o)
    0x08000908   0x08000908   0x00000010   Code   RO         4879    .text               c_w.l(aeabi_memset.o)
    0x08000918   0x08000918   0x00000044   Code   RO         4881    .text               c_w.l(rt_memclr.o)
    0x0800095c   0x0800095c   0x0000004e   Code   RO         4883    .text               c_w.l(rt_memclr_w.o)
    0x080009aa   0x080009aa   0x00000006   Code   RO         4885    .text               c_w.l(heapauxi.o)
    0x080009b0   0x080009b0   0x00000002   Code   RO         4893    .text               c_w.l(use_no_semi.o)
    0x080009b2   0x080009b2   0x00000002   PAD
    0x080009b4   0x080009b4   0x00000008   Code   RO         4899    .text               c_w.l(rt_errno_addr_intlibspace.o)
    0x080009bc   0x080009bc   0x00000024   Code   RO         4901    .text               c_w.l(_printf_truncate.o)
    0x080009e0   0x080009e0   0x000000b2   Code   RO         4903    .text               c_w.l(_printf_intcommon.o)
    0x08000a92   0x08000a92   0x00000028   Code   RO         4905    .text               c_w.l(_printf_charcount.o)
    0x08000aba   0x08000aba   0x0000041e   Code   RO         4907    .text               c_w.l(_printf_fp_dec.o)
    0x08000ed8   0x08000ed8   0x00000030   Code   RO         4909    .text               c_w.l(_printf_char_common.o)
    0x08000f08   0x08000f08   0x0000000a   Code   RO         4911    .text               c_w.l(_sputc.o)
    0x08000f12   0x08000f12   0x0000002c   Code   RO         4913    .text               c_w.l(_printf_char.o)
    0x08000f3e   0x08000f3e   0x00000002   PAD
    0x08000f40   0x08000f40   0x00000024   Code   RO         4915    .text               c_w.l(_printf_char_file.o)
    0x08000f64   0x08000f64   0x000000bc   Code   RO         4917    .text               c_w.l(_printf_wctomb.o)
    0x08001020   0x08001020   0x0000007c   Code   RO         4920    .text               c_w.l(_printf_longlong_dec.o)
    0x0800109c   0x0800109c   0x00000070   Code   RO         4926    .text               c_w.l(_printf_oct_int_ll.o)
    0x0800110c   0x0800110c   0x00000070   Code   RO         4947    .text               c_w.l(strtol.o)
    0x0800117c   0x0800117c   0x00000044   Code   RO         4949    .text               c_w.l(strtok_int.o)
    0x080011c0   0x080011c0   0x00000064   Code   RO         4951    .text               c_w.l(rt_memcpy_w.o)
    0x08001224   0x08001224   0x00000008   Code   RO         4958    .text               c_w.l(libspace.o)
    0x0800122c   0x0800122c   0x00000010   Code   RO         4976    .text               c_w.l(rt_ctype_table.o)
    0x0800123c   0x0800123c   0x00000008   Code   RO         4981    .text               c_w.l(rt_locale_intlibspace.o)
    0x08001244   0x08001244   0x0000008a   Code   RO         4983    .text               c_w.l(lludiv10.o)
    0x080012ce   0x080012ce   0x00000002   PAD
    0x080012d0   0x080012d0   0x00000080   Code   RO         4985    .text               c_w.l(_printf_fp_infnan.o)
    0x08001350   0x08001350   0x0000002c   Code   RO         4989    .text               c_w.l(_printf_wchar.o)
    0x0800137c   0x0800137c   0x0000009e   Code   RO         4991    .text               c_w.l(_strtoul.o)
    0x0800141a   0x0800141a   0x00000002   PAD
    0x0800141c   0x0800141c   0x000000e4   Code   RO         4993    .text               c_w.l(bigflt0.o)
    0x08001500   0x08001500   0x00000008   Code   RO         5018    .text               c_w.l(ferror.o)
    0x08001508   0x08001508   0x00000040   Code   RO         5022    .text               c_w.l(_wcrtomb.o)
    0x08001548   0x08001548   0x00000020   Code   RO         5027    .text               c_w.l(strcspn.o)
    0x08001568   0x08001568   0x0000001c   Code   RO         5029    .text               c_w.l(strspn.o)
    0x08001584   0x08001584   0x0000004a   Code   RO         5035    .text               c_w.l(sys_stackheap_outer.o)
    0x080015ce   0x080015ce   0x0000001c   Code   RO         5037    .text               c_w.l(_chval.o)
    0x080015ea   0x080015ea   0x00000012   Code   RO         5042    .text               c_w.l(exit.o)
    0x080015fc   0x080015fc   0x00000080   Code   RO         5044    .text               c_w.l(strcmpv7m.o)
    0x0800167c   0x0800167c   0x0000003e   Code   RO         4996    CL$$btod_d2e        c_w.l(btod.o)
    0x080016ba   0x080016ba   0x00000046   Code   RO         4998    CL$$btod_d2e_denorm_low  c_w.l(btod.o)
    0x08001700   0x08001700   0x00000060   Code   RO         4997    CL$$btod_d2e_norm_op1  c_w.l(btod.o)
    0x08001760   0x08001760   0x00000338   Code   RO         5006    CL$$btod_div_common  c_w.l(btod.o)
    0x08001a98   0x08001a98   0x000000dc   Code   RO         5003    CL$$btod_e2e        c_w.l(btod.o)
    0x08001b74   0x08001b74   0x0000002a   Code   RO         5000    CL$$btod_ediv       c_w.l(btod.o)
    0x08001b9e   0x08001b9e   0x0000002a   Code   RO         4999    CL$$btod_emul       c_w.l(btod.o)
    0x08001bc8   0x08001bc8   0x00000244   Code   RO         5005    CL$$btod_mult_common  c_w.l(btod.o)
    0x08001e0c   0x08001e0c   0x0000001a   Code   RO          946    i.AntennaOn         mfrc522.o
    0x08001e26   0x08001e26   0x00000002   Code   RO          425    i.BusFault_Handler  stm32f4xx_it.o
    0x08001e28   0x08001e28   0x00000070   Code   RO          947    i.CalulateCRC       mfrc522.o
    0x08001e98   0x08001e98   0x00000018   Code   RO          948    i.ClearBitMask      mfrc522.o
    0x08001eb0   0x08001eb0   0x00000002   Code   RO          426    i.DebugMon_Handler  stm32f4xx_it.o
    0x08001eb2   0x08001eb2   0x00000002   PAD
    0x08001eb4   0x08001eb4   0x0000003c   Code   RO          684    i.EXTI0_IRQHandler  key.o
    0x08001ef0   0x08001ef0   0x0000003c   Code   RO          685    i.EXTI2_IRQHandler  key.o
    0x08001f2c   0x08001f2c   0x0000003c   Code   RO          686    i.EXTI3_IRQHandler  key.o
    0x08001f68   0x08001f68   0x0000003c   Code   RO          687    i.EXTI4_IRQHandler  key.o
    0x08001fa4   0x08001fa4   0x0000000c   Code   RO         2385    i.EXTI_ClearITPendingBit  stm32f4xx_exti.o
    0x08001fb0   0x08001fb0   0x00000014   Code   RO         2389    i.EXTI_GetITStatus  stm32f4xx_exti.o
    0x08001fc4   0x08001fc4   0x00000070   Code   RO         2390    i.EXTI_Init         stm32f4xx_exti.o
    0x08002034   0x08002034   0x0000006c   Code   RO         3422    i.FLASH_EraseSector  stm32f4xx_flash.o
    0x080020a0   0x080020a0   0x0000003c   Code   RO         3424    i.FLASH_GetStatus   stm32f4xx_flash.o
    0x080020dc   0x080020dc   0x00000010   Code   RO         3428    i.FLASH_Lock        stm32f4xx_flash.o
    0x080020ec   0x080020ec   0x0000003c   Code   RO         3452    i.FLASH_ProgramWord  stm32f4xx_flash.o
    0x08002128   0x08002128   0x00000024   Code   RO         3454    i.FLASH_Unlock      stm32f4xx_flash.o
    0x0800214c   0x0800214c   0x0000001e   Code   RO         3455    i.FLASH_WaitForLastOperation  stm32f4xx_flash.o
    0x0800216a   0x0800216a   0x00000078   Code   RO         1765    i.GPIO_Init         stm32f4xx_gpio.o
    0x080021e2   0x080021e2   0x00000020   Code   RO         1766    i.GPIO_PinAFConfig  stm32f4xx_gpio.o
    0x08002202   0x08002202   0x00000004   Code   RO         1773    i.GPIO_SetBits      stm32f4xx_gpio.o
    0x08002206   0x08002206   0x00000002   PAD
    0x08002208   0x08002208   0x0000007c   Code   RO          427    i.HardFault_Handler  stm32f4xx_it.o
    0x08002284   0x08002284   0x00000010   Code   RO         2978    i.IWDG_Enable       stm32f4xx_iwdg.o
    0x08002294   0x08002294   0x00000010   Code   RO         2980    i.IWDG_ReloadCounter  stm32f4xx_iwdg.o
    0x080022a4   0x080022a4   0x0000000c   Code   RO         2981    i.IWDG_SetPrescaler  stm32f4xx_iwdg.o
    0x080022b0   0x080022b0   0x0000000c   Code   RO         2982    i.IWDG_SetReload    stm32f4xx_iwdg.o
    0x080022bc   0x080022bc   0x0000000c   Code   RO         2983    i.IWDG_WriteAccessCmd  stm32f4xx_iwdg.o
    0x080022c8   0x080022c8   0x0000005c   Code   RO          950    i.MFRC522_Anticoll  mfrc522.o
    0x08002324   0x08002324   0x00000052   Code   RO          951    i.MFRC522_Auth      mfrc522.o
    0x08002376   0x08002376   0x0000004a   Code   RO          953    i.MFRC522_Initializtion  mfrc522.o
    0x080023c0   0x080023c0   0x00000032   Code   RO          954    i.MFRC522_Read      mfrc522.o
    0x080023f2   0x080023f2   0x0000002e   Code   RO          955    i.MFRC522_Request   mfrc522.o
    0x08002420   0x08002420   0x00000038   Code   RO          956    i.MFRC522_Reset     mfrc522.o
    0x08002458   0x08002458   0x0000006a   Code   RO          957    i.MFRC522_SelectTag  mfrc522.o
    0x080024c2   0x080024c2   0x0000011a   Code   RO          958    i.MFRC522_ToCard    mfrc522.o
    0x080025dc   0x080025dc   0x00000084   Code   RO          959    i.MFRC522_Write     mfrc522.o
    0x08002660   0x08002660   0x00000002   Code   RO          428    i.MemManage_Handler  stm32f4xx_it.o
    0x08002662   0x08002662   0x00000002   Code   RO          429    i.NMI_Handler       stm32f4xx_it.o
    0x08002664   0x08002664   0x00000016   Code   RO            3    i.NVIC_DisableIRQ   main.o
    0x0800267a   0x0800267a   0x00000016   Code   RO            4    i.NVIC_EnableIRQ    main.o
    0x08002690   0x08002690   0x00000064   Code   RO         1720    i.NVIC_Init         misc.o
    0x080026f4   0x080026f4   0x00000014   Code   RO         1721    i.NVIC_PriorityGroupConfig  misc.o
    0x08002708   0x08002708   0x0000000c   Code   RO         2856    i.PWR_BackupAccessCmd  stm32f4xx_pwr.o
    0x08002714   0x08002714   0x00000054   Code   RO          960    i.RC522_SendByte    mfrc522.o
    0x08002768   0x08002768   0x00000018   Code   RO         1862    i.RCC_AHB1PeriphClockCmd  stm32f4xx_rcc.o
    0x08002780   0x08002780   0x00000018   Code   RO         1871    i.RCC_APB1PeriphClockCmd  stm32f4xx_rcc.o
    0x08002798   0x08002798   0x00000018   Code   RO         1874    i.RCC_APB2PeriphClockCmd  stm32f4xx_rcc.o
    0x080027b0   0x080027b0   0x00000090   Code   RO         1883    i.RCC_GetClocksFreq  stm32f4xx_rcc.o
    0x08002840   0x08002840   0x00000034   Code   RO         1884    i.RCC_GetFlagStatus  stm32f4xx_rcc.o
    0x08002874   0x08002874   0x0000000c   Code   RO         1894    i.RCC_LSICmd        stm32f4xx_rcc.o
    0x08002880   0x08002880   0x0000000c   Code   RO         1906    i.RCC_RTCCLKCmd     stm32f4xx_rcc.o
    0x0800288c   0x0800288c   0x00000030   Code   RO         1907    i.RCC_RTCCLKConfig  stm32f4xx_rcc.o
    0x080028bc   0x080028bc   0x00000012   Code   RO         2505    i.RTC_Bcd2ToByte    stm32f4xx_rtc.o
    0x080028ce   0x080028ce   0x00000018   Code   RO         2507    i.RTC_ByteToBcd2    stm32f4xx_rtc.o
    0x080028e6   0x080028e6   0x00000002   PAD
    0x080028e8   0x080028e8   0x0000001c   Code   RO         2510    i.RTC_ClearFlag     stm32f4xx_rtc.o
    0x08002904   0x08002904   0x0000001c   Code   RO         2511    i.RTC_ClearITPendingBit  stm32f4xx_rtc.o
    0x08002920   0x08002920   0x0000003c   Code   RO         2517    i.RTC_EnterInitMode  stm32f4xx_rtc.o
    0x0800295c   0x0800295c   0x00000010   Code   RO         2518    i.RTC_ExitInitMode  stm32f4xx_rtc.o
    0x0800296c   0x0800296c   0x0000004c   Code   RO         2521    i.RTC_GetDate       stm32f4xx_rtc.o
    0x080029b8   0x080029b8   0x00000038   Code   RO         2523    i.RTC_GetITStatus   stm32f4xx_rtc.o
    0x080029f0   0x080029f0   0x00000050   Code   RO         2526    i.RTC_GetTime       stm32f4xx_rtc.o
    0x08002a40   0x08002a40   0x00000040   Code   RO         2530    i.RTC_ITConfig      stm32f4xx_rtc.o
    0x08002a80   0x08002a80   0x00000050   Code   RO         2531    i.RTC_Init          stm32f4xx_rtc.o
    0x08002ad0   0x08002ad0   0x00000014   Code   RO         2534    i.RTC_ReadBackupRegister  stm32f4xx_rtc.o
    0x08002ae4   0x08002ae4   0x00000098   Code   RO         2537    i.RTC_SetDate       stm32f4xx_rtc.o
    0x08002b7c   0x08002b7c   0x000000a0   Code   RO         2538    i.RTC_SetTime       stm32f4xx_rtc.o
    0x08002c1c   0x08002c1c   0x0000001c   Code   RO         2539    i.RTC_SetWakeUpCounter  stm32f4xx_rtc.o
    0x08002c38   0x08002c38   0x00000044   Code   RO          552    i.RTC_WKUP_IRQHandler  rtc.o
    0x08002c7c   0x08002c7c   0x0000004c   Code   RO         2554    i.RTC_WaitForSynchro  stm32f4xx_rtc.o
    0x08002cc8   0x08002cc8   0x00000028   Code   RO         2555    i.RTC_WakeUpClockConfig  stm32f4xx_rtc.o
    0x08002cf0   0x08002cf0   0x00000058   Code   RO         2556    i.RTC_WakeUpCmd     stm32f4xx_rtc.o
    0x08002d48   0x08002d48   0x00000014   Code   RO         2557    i.RTC_WriteBackupRegister  stm32f4xx_rtc.o
    0x08002d5c   0x08002d5c   0x0000002c   Code   RO          961    i.Read_MFRC522      mfrc522.o
    0x08002d88   0x08002d88   0x00000034   Code   RO         1098    i.SPI1_SendByte     w25qxx.o
    0x08002dbc   0x08002dbc   0x00000006   Code   RO          962    i.SPI3_Receive      mfrc522.o
    0x08002dc2   0x08002dc2   0x00000014   Code   RO         3034    i.SPI_Cmd           stm32f4xx_spi.o
    0x08002dd6   0x08002dd6   0x0000000e   Code   RO         3042    i.SPI_I2S_GetFlagStatus  stm32f4xx_spi.o
    0x08002de4   0x08002de4   0x00000004   Code   RO         3045    i.SPI_I2S_ReceiveData  stm32f4xx_spi.o
    0x08002de8   0x08002de8   0x00000004   Code   RO         3046    i.SPI_I2S_SendData  stm32f4xx_spi.o
    0x08002dec   0x08002dec   0x00000038   Code   RO         3047    i.SPI_Init          stm32f4xx_spi.o
    0x08002e24   0x08002e24   0x000000a4   Code   RO          964    i.STM32_SPI3_Init   mfrc522.o
    0x08002ec8   0x08002ec8   0x00000030   Code   RO         2449    i.SYSCFG_EXTILineConfig  stm32f4xx_syscfg.o
    0x08002ef8   0x08002ef8   0x00000018   Code   RO          965    i.SetBitMask        mfrc522.o
    0x08002f10   0x08002f10   0x000000b4   Code   RO          518    i.SetSysClock       system_stm32f4xx.o
    0x08002fc4   0x08002fc4   0x0000002c   Code   RO         4719    i.SysTick_Handler   port.o
    0x08002ff0   0x08002ff0   0x0000005c   Code   RO          520    i.SystemInit        system_stm32f4xx.o
    0x0800304c   0x0800304c   0x0000009c   Code   RO         1654    i.USART1_IRQHandler  usart.o
    0x080030e8   0x080030e8   0x00000060   Code   RO          768    i.USART2_IRQHandler  sfm.o
    0x08003148   0x08003148   0x00000060   Code   RO         1343    i.USART3_IRQHandler  esp8266.o
    0x080031a8   0x080031a8   0x00000080   Code   RO          878    i.USART6_IRQHandler  usart6.o
    0x08003228   0x08003228   0x00000006   Code   RO         2196    i.USART_ClearFlag   stm32f4xx_usart.o
    0x0800322e   0x0800322e   0x0000000c   Code   RO         2197    i.USART_ClearITPendingBit  stm32f4xx_usart.o
    0x0800323a   0x0800323a   0x00000014   Code   RO         2200    i.USART_Cmd         stm32f4xx_usart.o
    0x0800324e   0x0800324e   0x0000000e   Code   RO         2203    i.USART_GetFlagStatus  stm32f4xx_usart.o
    0x0800325c   0x0800325c   0x0000003e   Code   RO         2204    i.USART_GetITStatus  stm32f4xx_usart.o
    0x0800329a   0x0800329a   0x00000030   Code   RO         2206    i.USART_ITConfig    stm32f4xx_usart.o
    0x080032ca   0x080032ca   0x00000002   PAD
    0x080032cc   0x080032cc   0x000000ac   Code   RO         2207    i.USART_Init        stm32f4xx_usart.o
    0x08003378   0x08003378   0x00000008   Code   RO         2214    i.USART_ReceiveData  stm32f4xx_usart.o
    0x08003380   0x08003380   0x00000008   Code   RO         2217    i.USART_SendData    stm32f4xx_usart.o
    0x08003388   0x08003388   0x00000002   Code   RO          430    i.UsageFault_Handler  stm32f4xx_it.o
    0x0800338a   0x0800338a   0x00000002   PAD
    0x0800338c   0x0800338c   0x0000002c   Code   RO          966    i.Write_MFRC522     mfrc522.o
    0x080033b8   0x080033b8   0x00000030   Code   RO         5033    i.__ARM_fpclassify  m_wm.l(fpclassify.o)
    0x080033e8   0x080033e8   0x0000000e   Code   RO         4849    i._is_digit         c_w.l(__printf_wp.o)
    0x080033f6   0x080033f6   0x00000002   Code   RO         1655    i._sys_exit         usart.o
    0x080033f8   0x080033f8   0x00000298   Code   RO            5    i.app_task_at24c02  main.o
    0x08003690   0x08003690   0x00000058   Code   RO            6    i.app_task_beep     main.o
    0x080036e8   0x080036e8   0x000001a0   Code   RO            7    i.app_task_dht      main.o
    0x08003888   0x08003888   0x000000dc   Code   RO            8    i.app_task_flash    main.o
    0x08003964   0x08003964   0x00000218   Code   RO            9    i.app_task_init     main.o
    0x08003b7c   0x08003b7c   0x00000248   Code   RO           10    i.app_task_key      main.o
    0x08003dc4   0x08003dc4   0x0000029c   Code   RO           11    i.app_task_keyboard  main.o
    0x08004060   0x08004060   0x00000090   Code   RO           12    i.app_task_led      main.o
    0x080040f0   0x080040f0   0x0000022c   Code   RO           13    i.app_task_mfrc522admin  main.o
    0x0800431c   0x0800431c   0x000004d0   Code   RO           14    i.app_task_mfrc522real  main.o
    0x080047ec   0x080047ec   0x000001f8   Code   RO           15    i.app_task_motor    main.o
    0x080049e4   0x080049e4   0x00000108   Code   RO           16    i.app_task_mqtt     main.o
    0x08004aec   0x08004aec   0x0000003c   Code   RO           17    i.app_task_mqttheart  main.o
    0x08004b28   0x08004b28   0x00000080   Code   RO           18    i.app_task_mqttmonitor  main.o
    0x08004ba8   0x08004ba8   0x00000148   Code   RO           19    i.app_task_recvlcd  main.o
    0x08004cf0   0x08004cf0   0x000000f8   Code   RO           20    i.app_task_rtc      main.o
    0x08004de8   0x08004de8   0x00000214   Code   RO           21    i.app_task_sfmadmin  main.o
    0x08004ffc   0x08004ffc   0x00000208   Code   RO           22    i.app_task_sfmreal  main.o
    0x08005204   0x08005204   0x000003c8   Code   RO           23    i.app_task_usart    main.o
    0x080055cc   0x080055cc   0x00000048   Code   RO           24    i.app_task_usartlcd  main.o
    0x08005614   0x08005614   0x000000c0   Code   RO         1317    i.at24c02_read      at24c02.o
    0x080056d4   0x080056d4   0x000000bc   Code   RO         1318    i.at24c02_write     at24c02.o
    0x08005790   0x08005790   0x00000018   Code   RO          769    i.bcc_check         sfm.o
    0x080057a8   0x080057a8   0x00000040   Code   RO          748    i.beep_init         beep.o
    0x080057e8   0x080057e8   0x00000004   Code   RO         1597    i.delay_ms          delay.o
    0x080057ec   0x080057ec   0x00000050   Code   RO         1598    i.delay_us          delay.o
    0x0800583c   0x0800583c   0x00000030   Code   RO           25    i.dgb_printf_safe   main.o
    0x0800586c   0x0800586c   0x0000003c   Code   RO          656    i.dht11_init        dht11.o
    0x080058a8   0x080058a8   0x0000015c   Code   RO          657    i.dht11_read_data   dht11.o
    0x08005a04   0x08005a04   0x000000b4   Code   RO         1345    i.esp8266_connect_ap  esp8266.o
    0x08005ab8   0x08005ab8   0x000000b0   Code   RO         1346    i.esp8266_connect_server  esp8266.o
    0x08005b68   0x08005b68   0x00000038   Code   RO         1349    i.esp8266_enable_echo  esp8266.o
    0x08005ba0   0x08005ba0   0x00000064   Code   RO         1351    i.esp8266_entry_transparent_transmission  esp8266.o
    0x08005c04   0x08005c04   0x00000020   Code   RO         1352    i.esp8266_exit_transparent_transmission  esp8266.o
    0x08005c24   0x08005c24   0x00000030   Code   RO         1353    i.esp8266_find_str_in_rx_packet  esp8266.o
    0x08005c54   0x08005c54   0x00000008   Code   RO         1354    i.esp8266_init      esp8266.o
    0x08005c5c   0x08005c5c   0x000003fc   Code   RO         1483    i.esp8266_mqtt_init  esp8266_mqtt.o
    0x08006058   0x08006058   0x0000002c   Code   RO         1355    i.esp8266_reset     esp8266.o
    0x08006084   0x08006084   0x00000028   Code   RO         1357    i.esp8266_send_at   esp8266.o
    0x080060ac   0x080060ac   0x00000004   Code   RO         1358    i.esp8266_send_bytes  esp8266.o
    0x080060b0   0x080060b0   0x00000018   Code   RO         1559    i.flash_erase_sector  flash.o
    0x080060c8   0x080060c8   0x0000012c   Code   RO         1560    i.flash_read        flash.o
    0x080061f4   0x080061f4   0x0000001e   Code   RO         1561    i.flash_read_offset  flash.o
    0x08006212   0x08006212   0x00000002   PAD
    0x08006214   0x08006214   0x00000034   Code   RO         1562    i.flash_write       flash.o
    0x08006248   0x08006248   0x00000014   Code   RO         1656    i.fputc             usart.o
    0x0800625c   0x0800625c   0x00000110   Code   RO         1214    i.get_key_board     keyboard.o
    0x0800636c   0x0800636c   0x00000050   Code   RO         1215    i.get_key_board_val  keyboard.o
    0x080063bc   0x080063bc   0x00000050   Code   RO         1253    i.i2c_ack           i2c.o
    0x0800640c   0x0800640c   0x00000040   Code   RO         1254    i.i2c_init          i2c.o
    0x0800644c   0x0800644c   0x00000024   Code   RO         1255    i.i2c_pin_mode      i2c.o
    0x08006470   0x08006470   0x00000048   Code   RO         1256    i.i2c_recv_byte     i2c.o
    0x080064b8   0x080064b8   0x0000005c   Code   RO         1257    i.i2c_send_byte     i2c.o
    0x08006514   0x08006514   0x00000030   Code   RO         1258    i.i2c_start         i2c.o
    0x08006544   0x08006544   0x00000028   Code   RO         1259    i.i2c_stop          i2c.o
    0x0800656c   0x0800656c   0x00000038   Code   RO         1260    i.i2c_wait_ack      i2c.o
    0x080065a4   0x080065a4   0x00000038   Code   RO          728    i.iwdg_init         iwdg.o
    0x080065dc   0x080065dc   0x00000088   Code   RO         1216    i.key_board_init    keyboard.o
    0x08006664   0x08006664   0x000000f8   Code   RO          688    i.key_init          key.o
    0x0800675c   0x0800675c   0x00000078   Code   RO          632    i.led_init          led.o
    0x080067d4   0x080067d4   0x00000078   Code   RO           26    i.main              main.o
    0x0800684c   0x0800684c   0x00000090   Code   RO          913    i.motor_corotation_close  motor.o
    0x080068dc   0x080068dc   0x00000090   Code   RO          914    i.motor_corotation_open  motor.o
    0x0800696c   0x0800696c   0x00000078   Code   RO          915    i.motor_init        motor.o
    0x080069e4   0x080069e4   0x00000194   Code   RO         1484    i.mqtt_connect      esp8266_mqtt.o
    0x08006b78   0x08006b78   0x000000b8   Code   RO         1487    i.mqtt_publish_data  esp8266_mqtt.o
    0x08006c30   0x08006c30   0x00000088   Code   RO         1488    i.mqtt_report_devices_status  esp8266_mqtt.o
    0x08006cb8   0x08006cb8   0x00000004   Code   RO         1489    i.mqtt_send_bytes   esp8266_mqtt.o
    0x08006cbc   0x08006cbc   0x0000000c   Code   RO         1490    i.mqtt_send_heart   esp8266_mqtt.o
    0x08006cc8   0x08006cc8   0x000000f8   Code   RO         1491    i.mqtt_subscribe_topic  esp8266_mqtt.o
    0x08006dc0   0x08006dc0   0x0000000e   Code   RO         1217    i.passwd_compare    keyboard.o
    0x08006dce   0x08006dce   0x00000002   PAD
    0x08006dd0   0x08006dd0   0x00000070   Code   RO         4189    i.prvAddCurrentTaskToDelayedList  tasks.o
    0x08006e40   0x08006e40   0x000000d0   Code   RO         4190    i.prvAddNewTaskToReadyList  tasks.o
    0x08006f10   0x08006f10   0x00000050   Code   RO         4523    i.prvCheckForValidListAndQueue  timers.o
    0x08006f60   0x08006f60   0x00000026   Code   RO         3835    i.prvCopyDataFromQueue  queue.o
    0x08006f86   0x08006f86   0x0000006c   Code   RO         3836    i.prvCopyDataToQueue  queue.o
    0x08006ff2   0x08006ff2   0x00000014   Code   RO         4191    i.prvDeleteTCB      tasks.o
    0x08007006   0x08007006   0x00000002   PAD
    0x08007008   0x08007008   0x0000004c   Code   RO         4668    i.prvHeapInit       heap_4.o
    0x08007054   0x08007054   0x00000060   Code   RO         4192    i.prvIdleTask       tasks.o
    0x080070b4   0x080070b4   0x000000dc   Code   RO         4193    i.prvInitialiseNewTask  tasks.o
    0x08007190   0x08007190   0x0000004c   Code   RO         4669    i.prvInsertBlockIntoFreeList  heap_4.o
    0x080071dc   0x080071dc   0x00000038   Code   RO         4524    i.prvInsertTimerInActiveList  timers.o
    0x08007214   0x08007214   0x0000001a   Code   RO         3837    i.prvIsQueueEmpty   queue.o
    0x0800722e   0x0800722e   0x00000002   PAD
    0x08007230   0x08007230   0x00000074   Code   RO         4525    i.prvProcessExpiredTimer  timers.o
    0x080072a4   0x080072a4   0x00000114   Code   RO         4526    i.prvProcessReceivedCommands  timers.o
    0x080073b8   0x080073b8   0x0000006c   Code   RO         4527    i.prvProcessTimerOrBlockTask  timers.o
    0x08007424   0x08007424   0x00000020   Code   RO         4195    i.prvResetNextTaskUnblockTime  tasks.o
    0x08007444   0x08007444   0x00000028   Code   RO         4528    i.prvSampleTimeNow  timers.o
    0x0800746c   0x0800746c   0x00000084   Code   RO         4529    i.prvSwitchTimerLists  timers.o
    0x080074f0   0x080074f0   0x00000064   Code   RO         4720    i.prvTaskExitError  port.o
    0x08007554   0x08007554   0x00000074   Code   RO         4196    i.prvTaskIsTaskSuspended  tasks.o
    0x080075c8   0x080075c8   0x00000014   Code   RO         3677    i.prvTestWaitCondition  event_groups.o
    0x080075dc   0x080075dc   0x00000028   Code   RO         4530    i.prvTimerTask      timers.o
    0x08007604   0x08007604   0x0000006a   Code   RO         3838    i.prvUnlockQueue    queue.o
    0x0800766e   0x0800766e   0x00000002   PAD
    0x08007670   0x08007670   0x00000134   Code   RO         4670    i.pvPortMalloc      heap_4.o
    0x080077a4   0x080077a4   0x00000018   Code   RO         4197    i.pvTaskIncrementMutexHeldCount  tasks.o
    0x080077bc   0x080077bc   0x0000002c   Code   RO         4721    i.pxPortInitialiseStack  port.o
    0x080077e8   0x080077e8   0x000000e8   Code   RO          553    i.rtc_init          rtc.o
    0x080078d0   0x080078d0   0x000000ae   Code   RO          554    i.rtc_resume_init   rtc.o
    0x0800797e   0x0800797e   0x00000002   PAD
    0x08007980   0x08007980   0x0000008c   Code   RO          770    i.sfm_compare_users  sfm.o
    0x08007a0c   0x08007a0c   0x00000088   Code   RO          771    i.sfm_ctrl_led      sfm.o
    0x08007a94   0x08007a94   0x0000007c   Code   RO          773    i.sfm_del_user_all  sfm.o
    0x08007b10   0x08007b10   0x0000010c   Code   RO          774    i.sfm_error_code    sfm.o
    0x08007c1c   0x08007c1c   0x00000088   Code   RO          775    i.sfm_get_unused_id  sfm.o
    0x08007ca4   0x08007ca4   0x0000001c   Code   RO          777    i.sfm_init          sfm.o
    0x08007cc0   0x08007cc0   0x00000170   Code   RO          778    i.sfm_reg_user      sfm.o
    0x08007e30   0x08007e30   0x0000007c   Code   RO          779    i.sfm_touch_check   sfm.o
    0x08007eac   0x08007eac   0x00000030   Code   RO          780    i.sfm_touch_init    sfm.o
    0x08007edc   0x08007edc   0x000000b0   Code   RO          782    i.sfm_usart2_init   sfm.o
    0x08007f8c   0x08007f8c   0x0000001c   Code   RO           27    i.soft_timer_callback  main.o
    0x08007fa8   0x08007fa8   0x00000070   Code   RO         1099    i.spi_flash_card_add  w25qxx.o
    0x08008018   0x08008018   0x00000044   Code   RO         1101    i.spi_flash_card_match  w25qxx.o
    0x0800805c   0x0800805c   0x0000000c   Code   RO         1102    i.spi_flash_card_remove_all  w25qxx.o
    0x08008068   0x08008068   0x0000003c   Code   RO         1103    i.spi_flash_card_times  w25qxx.o
    0x080080a4   0x080080a4   0x000000ac   Code   RO          879    i.uart6_init        usart6.o
    0x08008150   0x08008150   0x000000b0   Code   RO         1657    i.uart_init         usart.o
    0x08008200   0x08008200   0x000000b0   Code   RO         1360    i.usart3_init       esp8266.o
    0x080082b0   0x080082b0   0x0000002c   Code   RO         1361    i.usart3_send_bytes  esp8266.o
    0x080082dc   0x080082dc   0x00000028   Code   RO         1362    i.usart3_send_str   esp8266.o
    0x08008304   0x08008304   0x00000004   Code   RO          880    i.usart_lcd_init    usart6.o
    0x08008308   0x08008308   0x0000002e   Code   RO         1658    i.usart_send_bytes  usart.o
    0x08008336   0x08008336   0x00000026   Code   RO         3795    i.uxListRemove      list.o
    0x0800835c   0x0800835c   0x00000018   Code   RO         4204    i.uxTaskResetEventItemValue  tasks.o
    0x08008374   0x08008374   0x00000004   Code   RO           29    i.vApplicationIdleHook  main.o
    0x08008378   0x08008378   0x00000010   Code   RO           30    i.vApplicationMallocFailedHook  main.o
    0x08008388   0x08008388   0x00000050   Code   RO           31    i.vApplicationStackOverflowHook  main.o
    0x080083d8   0x080083d8   0x00000002   Code   RO           32    i.vApplicationTickHook  main.o
    0x080083da   0x080083da   0x00000004   Code   RO         3681    i.vEventGroupSetBitsCallback  event_groups.o
    0x080083de   0x080083de   0x00000016   Code   RO         3796    i.vListInitialise   list.o
    0x080083f4   0x080083f4   0x00000006   Code   RO         3797    i.vListInitialiseItem  list.o
    0x080083fa   0x080083fa   0x00000030   Code   RO         3798    i.vListInsert       list.o
    0x0800842a   0x0800842a   0x00000018   Code   RO         3799    i.vListInsertEnd    list.o
    0x08008442   0x08008442   0x00000002   PAD
    0x08008444   0x08008444   0x0000007c   Code   RO         4723    i.vPortEnterCritical  port.o
    0x080084c0   0x080084c0   0x00000064   Code   RO         4724    i.vPortExitCritical  port.o
    0x08008524   0x08008524   0x000000a8   Code   RO         4671    i.vPortFree         heap_4.o
    0x080085cc   0x080085cc   0x00000024   Code   RO         4725    i.vPortSetupTimerInterrupt  port.o
    0x080085f0   0x080085f0   0x0000009c   Code   RO         4726    i.vPortValidateInterruptPriority  port.o
    0x0800868c   0x0800868c   0x00000024   Code   RO         3844    i.vQueueAddToRegistry  queue.o
    0x080086b0   0x080086b0   0x00000044   Code   RO         3848    i.vQueueWaitForMessageRestricted  queue.o
    0x080086f4   0x080086f4   0x00000088   Code   RO         4205    i.vTaskDelay        tasks.o
    0x0800877c   0x0800877c   0x000000ec   Code   RO         4207    i.vTaskDelete       tasks.o
    0x08008868   0x08008868   0x00000010   Code   RO         4210    i.vTaskInternalSetTimeOutState  tasks.o
    0x08008878   0x08008878   0x0000000c   Code   RO         4211    i.vTaskMissedYield  tasks.o
    0x08008884   0x08008884   0x00000070   Code   RO         4213    i.vTaskPlaceOnEventList  tasks.o
    0x080088f4   0x080088f4   0x00000078   Code   RO         4214    i.vTaskPlaceOnEventListRestricted  tasks.o
    0x0800896c   0x0800896c   0x00000098   Code   RO         4215    i.vTaskPlaceOnUnorderedEventList  tasks.o
    0x08008a04   0x08008a04   0x000000f8   Code   RO         4216    i.vTaskPriorityDisinheritAfterTimeout  tasks.o
    0x08008afc   0x08008afc   0x000000bc   Code   RO         4218    i.vTaskRemoveFromUnorderedEventList  tasks.o
    0x08008bb8   0x08008bb8   0x000000bc   Code   RO         4219    i.vTaskResume       tasks.o
    0x08008c74   0x08008c74   0x000000ac   Code   RO         4222    i.vTaskStartScheduler  tasks.o
    0x08008d20   0x08008d20   0x000000f8   Code   RO         4223    i.vTaskSuspend      tasks.o
    0x08008e18   0x08008e18   0x00000010   Code   RO         4224    i.vTaskSuspendAll   tasks.o
    0x08008e28   0x08008e28   0x000000c4   Code   RO         4225    i.vTaskSwitchContext  tasks.o
    0x08008eec   0x08008eec   0x00000050   Code   RO         1105    i.w25qxx_erase_sector  w25qxx.o
    0x08008f3c   0x08008f3c   0x000000c4   Code   RO         1106    i.w25qxx_init       w25qxx.o
    0x08009000   0x08009000   0x00000054   Code   RO         1107    i.w25qxx_read_data  w25qxx.o
    0x08009054   0x08009054   0x00000030   Code   RO         1109    i.w25qxx_read_status1  w25qxx.o
    0x08009084   0x08009084   0x0000003c   Code   RO         1110    i.w25qxx_write_data  w25qxx.o
    0x080090c0   0x080090c0   0x00000098   Code   RO         1111    i.w25qxx_write_data_ex  w25qxx.o
    0x08009158   0x08009158   0x00000028   Code   RO         1112    i.w25qxx_write_disable  w25qxx.o
    0x08009180   0x08009180   0x00000028   Code   RO         1113    i.w25qxx_write_enable  w25qxx.o
    0x080091a8   0x080091a8   0x0000005c   Code   RO         1114    i.w25qxx_write_page  w25qxx.o
    0x08009204   0x08009204   0x0000001a   Code   RO         3685    i.xEventGroupCreate  event_groups.o
    0x0800921e   0x0800921e   0x00000002   PAD
    0x08009220   0x08009220   0x000000dc   Code   RO         3687    i.xEventGroupSetBits  event_groups.o
    0x080092fc   0x080092fc   0x00000010   Code   RO         3688    i.xEventGroupSetBitsFromISR  event_groups.o
    0x0800930c   0x0800930c   0x00000174   Code   RO         3690    i.xEventGroupWaitBits  event_groups.o
    0x08009480   0x08009480   0x00000158   Code   RO         4727    i.xPortStartScheduler  port.o
    0x080095d8   0x080095d8   0x00000088   Code   RO         3849    i.xQueueCreateCountingSemaphore  queue.o
    0x08009660   0x08009660   0x00000024   Code   RO         3850    i.xQueueCreateMutex  queue.o
    0x08009684   0x08009684   0x00000090   Code   RO         3851    i.xQueueGenericCreate  queue.o
    0x08009714   0x08009714   0x000000c4   Code   RO         3852    i.xQueueGenericReset  queue.o
    0x080097d8   0x080097d8   0x000001cc   Code   RO         3853    i.xQueueGenericSend  queue.o
    0x080099a4   0x080099a4   0x00000118   Code   RO         3854    i.xQueueGenericSendFromISR  queue.o
    0x08009abc   0x08009abc   0x00000194   Code   RO         3861    i.xQueueReceive     queue.o
    0x08009c50   0x08009c50   0x000001e4   Code   RO         3863    i.xQueueSemaphoreTake  queue.o
    0x08009e34   0x08009e34   0x000000c0   Code   RO         4226    i.xTaskCheckForTimeOut  tasks.o
    0x08009ef4   0x08009ef4   0x00000056   Code   RO         4227    i.xTaskCreate       tasks.o
    0x08009f4a   0x08009f4a   0x00000002   PAD
    0x08009f4c   0x08009f4c   0x0000001c   Code   RO         4231    i.xTaskGetSchedulerState  tasks.o
    0x08009f68   0x08009f68   0x0000000c   Code   RO         4232    i.xTaskGetTickCount  tasks.o
    0x08009f74   0x08009f74   0x000000fc   Code   RO         4234    i.xTaskIncrementTick  tasks.o
    0x0800a070   0x0800a070   0x000000e4   Code   RO         4237    i.xTaskPriorityDisinherit  tasks.o
    0x0800a154   0x0800a154   0x00000094   Code   RO         4238    i.xTaskPriorityInherit  tasks.o
    0x0800a1e8   0x0800a1e8   0x000000b4   Code   RO         4239    i.xTaskRemoveFromEventList  tasks.o
    0x0800a29c   0x0800a29c   0x00000100   Code   RO         4240    i.xTaskResumeAll    tasks.o
    0x0800a39c   0x0800a39c   0x0000008c   Code   RO         4535    i.xTimerCreate      timers.o
    0x0800a428   0x0800a428   0x00000088   Code   RO         4536    i.xTimerCreateTimerTask  timers.o
    0x0800a4b0   0x0800a4b0   0x000000a0   Code   RO         4537    i.xTimerGenericCommand  timers.o
    0x0800a550   0x0800a550   0x00000028   Code   RO         4543    i.xTimerPendFunctionCallFromISR  timers.o
    0x0800a578   0x0800a578   0x0000002c   Code   RO         5025    locale$$code        c_w.l(lc_numeric_c.o)
    0x0800a5a4   0x0800a5a4   0x0000002c   Code   RO         5040    locale$$code        c_w.l(lc_ctype_c.o)
    0x0800a5d0   0x0800a5d0   0x0000000c   Code   RO         4953    x$fpl$dretinf       fz_wm.l(dretinf.o)
    0x0800a5dc   0x0800a5dc   0x00000056   Code   RO         4889    x$fpl$f2d           fz_wm.l(f2d.o)
    0x0800a632   0x0800a632   0x0000008c   Code   RO         4955    x$fpl$fnaninf       fz_wm.l(fnaninf.o)
    0x0800a6be   0x0800a6be   0x0000000a   Code   RO         5101    x$fpl$fpinit        fz_wm.l(fpinit.o)
    0x0800a6c8   0x0800a6c8   0x00000004   Code   RO         4891    x$fpl$printf1       fz_wm.l(printf1.o)
    0x0800a6cc   0x0800a6cc   0x00000000   Code   RO         4957    x$fpl$usenofp       fz_wm.l(usenofp.o)
    0x0800a6cc   0x0800a6cc   0x000001e0   Data   RO           34    .constdata          main.o
    0x0800a8ac   0x0800a8ac   0x00000004   Data   RO         1494    .constdata          esp8266_mqtt.o
    0x0800a8b0   0x0800a8b0   0x0000005e   Data   RO         3691    .constdata          event_groups.o
    0x0800a90e   0x0800a90e   0x00000194   Data   RO         3866    .constdata          queue.o
    0x0800aaa2   0x0800aaa2   0x0000022f   Data   RO         4243    .constdata          tasks.o
    0x0800acd1   0x0800acd1   0x00000127   Data   RO         4545    .constdata          timers.o
    0x0800adf8   0x0800adf8   0x00000017   Data   RO         4676    .constdata          heap_4.o
    0x0800ae0f   0x0800ae0f   0x0000007b   Data   RO         4728    .constdata          port.o
    0x0800ae8a   0x0800ae8a   0x00000028   Data   RO         4837    .constdata          c_w.l(_printf_hex_int_ll_ptr.o)
    0x0800aeb2   0x0800aeb2   0x00000011   Data   RO         4857    .constdata          c_w.l(__printf_flags_ss_wp.o)
    0x0800aec3   0x0800aec3   0x00000001   PAD
    0x0800aec4   0x0800aec4   0x00000008   Data   RO         4918    .constdata          c_w.l(_printf_wctomb.o)
    0x0800aecc   0x0800aecc   0x00000094   Data   RO         4994    .constdata          c_w.l(bigflt0.o)
    0x0800af60   0x0800af60   0x00000279   Data   RO           35    .conststring        main.o
    0x0800b1d9   0x0800b1d9   0x00000003   PAD
    0x0800b1dc   0x0800b1dc   0x00000090   Data   RO         1497    .conststring        esp8266_mqtt.o
    0x0800b26c   0x0800b26c   0x00000020   Data   RO         5172    Region$$Table       anon$$obj.o
    0x0800b28c   0x0800b28c   0x0000001c   Data   RO         5024    locale$$data        c_w.l(lc_numeric_c.o)
    0x0800b2a8   0x0800b2a8   0x00000110   Data   RO         5039    locale$$data        c_w.l(lc_ctype_c.o)


    Execution Region RW_IRAM1 (Exec base: 0x20000000, Load base: 0x0800b3b8, Size: 0x00015218, Max: 0x00020000, ABSOLUTE, COMPRESSED[0x00000020])

    Exec Addr    Load Addr    Size         Type   Attr      Idx    E Section Name        Object

    0x20000000   COMPRESSED   0x0000004e   Data   RW           36    .data               main.o
    0x2000004e   COMPRESSED   0x00000002   PAD
    0x20000050   COMPRESSED   0x00000004   Data   RW           37    .data               main.o
    0x20000054   COMPRESSED   0x00000004   Data   RW           38    .data               main.o
    0x20000058   COMPRESSED   0x00000004   Data   RW           39    .data               main.o
    0x2000005c   COMPRESSED   0x00000004   Data   RW           40    .data               main.o
    0x20000060   COMPRESSED   0x00000004   Data   RW           41    .data               main.o
    0x20000064   COMPRESSED   0x00000004   Data   RW           42    .data               main.o
    0x20000068   COMPRESSED   0x00000004   Data   RW           43    .data               main.o
    0x2000006c   COMPRESSED   0x00000004   Data   RW           44    .data               main.o
    0x20000070   COMPRESSED   0x00000004   Data   RW           45    .data               main.o
    0x20000074   COMPRESSED   0x00000004   Data   RW           46    .data               main.o
    0x20000078   COMPRESSED   0x00000004   Data   RW           47    .data               main.o
    0x2000007c   COMPRESSED   0x00000004   Data   RW           48    .data               main.o
    0x20000080   COMPRESSED   0x00000004   Data   RW           49    .data               main.o
    0x20000084   COMPRESSED   0x00000004   Data   RW           50    .data               main.o
    0x20000088   COMPRESSED   0x00000004   Data   RW           51    .data               main.o
    0x2000008c   COMPRESSED   0x00000004   Data   RW           52    .data               main.o
    0x20000090   COMPRESSED   0x00000004   Data   RW           53    .data               main.o
    0x20000094   COMPRESSED   0x00000014   Data   RW          521    .data               system_stm32f4xx.o
    0x200000a8   COMPRESSED   0x00000008   Data   RW          658    .data               dht11.o
    0x200000b0   COMPRESSED   0x00000008   Data   RW          784    .data               sfm.o
    0x200000b8   COMPRESSED   0x00000004   Data   RW          882    .data               usart6.o
    0x200000bc   COMPRESSED   0x00000008   Data   RW          971    .data               mfrc522.o
    0x200000c4   COMPRESSED   0x00000002   Data   RW         1218    .data               keyboard.o
    0x200000c6   COMPRESSED   0x00000002   PAD
    0x200000c8   COMPRESSED   0x00000008   Data   RW         1261    .data               i2c.o
    0x200000d0   COMPRESSED   0x00000004   Data   RW         1365    .data               esp8266.o
    0x200000d4   COMPRESSED   0x00000008   Data   RW         1498    .data               esp8266_mqtt.o
    0x200000dc   COMPRESSED   0x00000004   Data   RW         1660    .data               usart.o
    0x200000e0   COMPRESSED   0x00000004   Data   RW         1661    .data               usart.o
    0x200000e4   COMPRESSED   0x00000010   Data   RW         1915    .data               stm32f4xx_rcc.o
    0x200000f4   COMPRESSED   0x0000003c   Data   RW         4244    .data               tasks.o
    0x20000130   COMPRESSED   0x00000014   Data   RW         4546    .data               timers.o
    0x20000144   COMPRESSED   0x00000018   Data   RW         4677    .data               heap_4.o
    0x2000015c   COMPRESSED   0x0000000c   Data   RW         4729    .data               port.o
    0x20000168   COMPRESSED   0x00000004   Data   RW         4867    .data               c_w.l(strtok.o)
    0x2000016c        -       0x0000026c   Zero   RW           33    .bss                main.o
    0x200003d8        -       0x00000200   Zero   RW          783    .bss                sfm.o
    0x200005d8        -       0x00000041   Zero   RW          881    .bss                usart6.o
    0x20000619        -       0x00001000   Zero   RW         1115    .bss                w25qxx.o
    0x20001619        -       0x00000200   Zero   RW         1363    .bss                esp8266.o
    0x20001819        -       0x00000200   Zero   RW         1364    .bss                esp8266.o
    0x20001a19        -       0x0000020e   Zero   RW         1492    .bss                esp8266_mqtt.o
    0x20001c27        -       0x00000041   Zero   RW         1659    .bss                usart.o
    0x20001c68        -       0x00000040   Zero   RW         3865    .bss                queue.o
    0x20001ca8        -       0x000002e4   Zero   RW         4242    .bss                tasks.o
    0x20001f8c        -       0x00000028   Zero   RW         4544    .bss                timers.o
    0x20001fb4        -       0x00012c00   Zero   RW         4675    .bss                heap_4.o
    0x20014bb4        -       0x00000060   Zero   RW         4959    .bss                c_w.l(libspace.o)
    0x20014c14   COMPRESSED   0x00000004   PAD
    0x20014c18        -       0x00000200   Zero   RW         1712    HEAP                startup_stm32f40_41xxx.o
    0x20014e18        -       0x00000400   Zero   RW         1711    STACK               startup_stm32f40_41xxx.o


==============================================================================

Image component sizes


      Code (inc. data)   RO Data    RW Data    ZI Data      Debug   Object Name

       380        150          0          0          0       2227   at24c02.o
        64         10          0          0          0        612   beep.o
        84          8          0          0          0       1346   delay.o
       408         24          0          8          0       2479   dht11.o
      1044        238          0          4       1024      11081   esp8266.o
      2008        872        148          8        526       7716   esp8266_mqtt.o
       658        114         94          0          0      19997   event_groups.o
       406        112          0          0          0       3248   flash.o
       628        120         23         24      76800       4879   heap_4.o
       488         50          0          8          0       5242   i2c.o
        56         14          0          0          0        584   iwdg.o
       488         34          0          0          0       4059   key.o
       502         38          0          2          0       3586   keyboard.o
       120         10          0          0          0        651   led.o
       138          0          0          0          0       3686   list.o
      9074       3252       1113        146        620     374098   main.o
      1448         46          0          8          0      15194   mfrc522.o
       120         14          0          0          0       1755   misc.o
       408         36          0          0          0       2130   motor.o
      1138        300        123         12          0      12613   port.o
      2522        364        404          0         64      29590   queue.o
       474          4          0          0          0     236803   rtc.o
      1668        284          0          8        512      10058   sfm.o
        64         26        392          0       1536        888   startup_stm32f40_41xxx.o
       144         14          0          0          0       2472   stm32f4xx_exti.o
       310         30          0          0          0       4663   stm32f4xx_flash.o
       156          0          0          0          0       2594   stm32f4xx_gpio.o
       134         60          0          0          0       9045   stm32f4xx_it.o
        68         30          0          0          0       2910   stm32f4xx_iwdg.o
        12          6          0          0          0        598   stm32f4xx_pwr.o
       340         56          0         16          0       7783   stm32f4xx_rcc.o
      1114        110          0          0          0      14470   stm32f4xx_rtc.o
        98          0          0          0          0       3926   stm32f4xx_spi.o
        48          6          0          0          0        744   stm32f4xx_syscfg.o
       350          8          0          0          0       7533   stm32f4xx_usart.o
       272         36          0         20          0       2041   system_stm32f4xx.o
      4274       1116        559         60        740      41696   tasks.o
      1324        300        295         20         40      27122   timers.o
       400         38          0          8         65       5653   usart.o
       304         24          0          4         65       2594   usart6.o
      1096         58          0          0       4096      11360   w25qxx.o

    ----------------------------------------------------------------------
     34862       8012       3186        360      86088     901726   Object Totals
         0          0         32          0          0          0   (incl. Generated)
        30          0          3          4          0          0   (incl. Padding)

    ----------------------------------------------------------------------

      Code (inc. data)   RO Data    RW Data    ZI Data      Debug   Library Member Name

        24          4          0          0          0         84   __2printf.o
        44          6          0          0          0         84   __2sprintf.o
        90          0          0          0          0          0   __dczerorl2.o
         8          0          0          0          0         68   __main.o
       392          4         17          0          0         92   __printf_flags_ss_wp.o
        14          0          0          0          0         68   __printf_wp.o
         0          0          0          0          0          0   __rtentry.o
        12          0          0          0          0          0   __rtentry2.o
         6          0          0          0          0          0   __rtentry4.o
        52          8          0          0          0          0   __scatter.o
        28          0          0          0          0          0   __scatter_zi.o
        28          0          0          0          0         68   _chval.o
         6          0          0          0          0          0   _printf_a.o
         6          0          0          0          0          0   _printf_c.o
        44          0          0          0          0        108   _printf_char.o
        48          6          0          0          0         96   _printf_char_common.o
        36          4          0          0          0         80   _printf_char_file.o
        40          0          0          0          0         68   _printf_charcount.o
         6          0          0          0          0          0   _printf_d.o
       120         16          0          0          0         92   _printf_dec.o
         6          0          0          0          0          0   _printf_e.o
         6          0          0          0          0          0   _printf_f.o
      1054          0          0          0          0        216   _printf_fp_dec.o
       128         16          0          0          0         84   _printf_fp_infnan.o
         6          0          0          0          0          0   _printf_g.o
       148          4         40          0          0        160   _printf_hex_int_ll_ptr.o
         6          0          0          0          0          0   _printf_i.o
       178          0          0          0          0         88   _printf_intcommon.o
        10          0          0          0          0          0   _printf_l.o
         6          0          0          0          0          0   _printf_lc.o
        10          0          0          0          0          0   _printf_ll.o
         6          0          0          0          0          0   _printf_lld.o
         6          0          0          0          0          0   _printf_lli.o
         6          0          0          0          0          0   _printf_llo.o
         6          0          0          0          0          0   _printf_llu.o
         6          0          0          0          0          0   _printf_llx.o
       124         16          0          0          0         92   _printf_longlong_dec.o
         6          0          0          0          0          0   _printf_ls.o
         6          0          0          0          0          0   _printf_n.o
         6          0          0          0          0          0   _printf_o.o
       112         10          0          0          0        124   _printf_oct_int_ll.o
         6          0          0          0          0          0   _printf_p.o
        78          0          0          0          0        108   _printf_pad.o
         0          0          0          0          0          0   _printf_percent.o
         4          0          0          0          0          0   _printf_percent_end.o
         6          0          0          0          0          0   _printf_s.o
        82          0          0          0          0         80   _printf_str.o
        36          0          0          0          0         84   _printf_truncate.o
         6          0          0          0          0          0   _printf_u.o
        44          0          0          0          0        108   _printf_wchar.o
       188          6          8          0          0         92   _printf_wctomb.o
         6          0          0          0          0          0   _printf_x.o
        10          0          0          0          0         68   _sputc.o
       158          0          0          0          0         92   _strtoul.o
        64          0          0          0          0         92   _wcrtomb.o
        16          0          0          0          0         68   aeabi_memset.o
        26          0          0          0          0         80   atoi.o
       228          4        148          0          0         96   bigflt0.o
      1936        128          0          0          0        672   btod.o
        12          4          0          0          0         68   c89vprintf.o
        18          0          0          0          0         80   exit.o
         8          0          0          0          0         68   ferror.o
         6          0          0          0          0        152   heapauxi.o
        44         10        272          0          0         76   lc_ctype_c.o
        44         10         28          0          0         76   lc_numeric_c.o
         2          0          0          0          0          0   libinit.o
        34          0          0          0          0          0   libinit2.o
         2          0          0          0          0          0   libshutdown.o
         2          0          0          0          0          0   libshutdown2.o
         8          4          0          0         96         68   libspace.o
       138          0          0          0          0         80   lludiv10.o
        88          0          0          0          0         76   memcmp.o
        16          4          0          0          0         76   rt_ctype_table.o
         8          4          0          0          0         68   rt_errno_addr_intlibspace.o
         8          4          0          0          0         68   rt_locale_intlibspace.o
        68          0          0          0          0         68   rt_memclr.o
        78          0          0          0          0         80   rt_memclr_w.o
       138          0          0          0          0         68   rt_memcpy_v6.o
       100          0          0          0          0         80   rt_memcpy_w.o
         2          0          0          0          0          0   rtexit.o
        10          0          0          0          0          0   rtexit2.o
       128          0          0          0          0         68   strcmpv7m.o
        32          0          0          0          0         80   strcspn.o
        62          0          0          0          0         76   strlen.o
        28          0          0          0          0         80   strspn.o
        36          0          0          0          0         80   strstr.o
        12          6          0          4          0         68   strtok.o
        68          4          0          0          0         84   strtok_int.o
       112          0          0          0          0         88   strtol.o
        74          0          0          0          0         80   sys_stackheap_outer.o
         2          0          0          0          0         68   use_no_semi.o
         2          0          0          0          0         68   use_no_semi_2.o
        12          0          0          0          0        116   dretinf.o
        86          4          0          0          0        132   f2d.o
       140          4          0          0          0        132   fnaninf.o
        10          0          0          0          0        116   fpinit.o
         4          0          0          0          0        116   printf1.o
         0          0          0          0          0          0   usenofp.o
        48          0          0          0          0        124   fpclassify.o

    ----------------------------------------------------------------------
      7446        290        514          4        100       6140   Library Totals
        16          0          1          0          4          0   (incl. Padding)

    ----------------------------------------------------------------------

      Code (inc. data)   RO Data    RW Data    ZI Data      Debug   Library Name

      7130        282        513          4         96       5404   c_w.l
       252          8          0          0          0        612   fz_wm.l
        48          0          0          0          0        124   m_wm.l

    ----------------------------------------------------------------------
      7446        290        514          4        100       6140   Library Totals

    ----------------------------------------------------------------------

==============================================================================


      Code (inc. data)   RO Data    RW Data    ZI Data      Debug   

     42308       8302       3700        364      86188     876046   Grand Totals
     42308       8302       3700         32      86188     876046   ELF Image Totals (compressed)
     42308       8302       3700         32          0          0   ROM Totals

==============================================================================

    Total RO  Size (Code + RO Data)                46008 (  44.93kB)
    Total RW  Size (RW Data + ZI Data)             86552 (  84.52kB)
    Total ROM Size (Code + RO Data + RW Data)      46040 (  44.96kB)

==============================================================================

